Archive member included to satisfy reference by file (symbol)

C:\Users\danie\Documents\MCUXpressoIDE_11.1.0_3209\workspace\lpc_board_nxp_lpcxpresso_1549\Debug\liblpc_board_nxp_lpcxpresso_1549.a(board.o)
                              ./src/PROJECT.o (Board_LED_Set)
C:\Users\danie\Documents\MCUXpressoIDE_11.1.0_3209\workspace\lpc_board_nxp_lpcxpresso_1549\Debug\liblpc_board_nxp_lpcxpresso_1549.a(board_sysinit.o)
                              ./src/sysinit.o (Board_SystemInit)
C:\Users\danie\Documents\MCUXpressoIDE_11.1.0_3209\workspace\lpc_chip_15xx\Debug\liblpc_chip_15xx.a(chip_15xx.o)
                              ./src/PROJECT.o (SystemCoreClockUpdate)
C:\Users\danie\Documents\MCUXpressoIDE_11.1.0_3209\workspace\lpc_chip_15xx\Debug\liblpc_chip_15xx.a(clock_15xx.o)
                              C:\Users\danie\Documents\MCUXpressoIDE_11.1.0_3209\workspace\lpc_board_nxp_lpcxpresso_1549\Debug\liblpc_board_nxp_lpcxpresso_1549.a(board.o) (Chip_Clock_GetMainClockRate)
C:\Users\danie\Documents\MCUXpressoIDE_11.1.0_3209\workspace\lpc_chip_15xx\Debug\liblpc_chip_15xx.a(gpio_15xx.o)
                              C:\Users\danie\Documents\MCUXpressoIDE_11.1.0_3209\workspace\lpc_board_nxp_lpcxpresso_1549\Debug\liblpc_board_nxp_lpcxpresso_1549.a(board.o) (Chip_GPIO_Init)
C:\Users\danie\Documents\MCUXpressoIDE_11.1.0_3209\workspace\lpc_chip_15xx\Debug\liblpc_chip_15xx.a(iocon_15xx.o)
                              C:\Users\danie\Documents\MCUXpressoIDE_11.1.0_3209\workspace\lpc_board_nxp_lpcxpresso_1549\Debug\liblpc_board_nxp_lpcxpresso_1549.a(board_sysinit.o) (Chip_IOCON_SetPinMuxing)
C:\Users\danie\Documents\MCUXpressoIDE_11.1.0_3209\workspace\lpc_chip_15xx\Debug\liblpc_chip_15xx.a(swm_15xx.o)
                              C:\Users\danie\Documents\MCUXpressoIDE_11.1.0_3209\workspace\lpc_board_nxp_lpcxpresso_1549\Debug\liblpc_board_nxp_lpcxpresso_1549.a(board.o) (Chip_SWM_MovablePinAssign)
C:\Users\danie\Documents\MCUXpressoIDE_11.1.0_3209\workspace\lpc_chip_15xx\Debug\liblpc_chip_15xx.a(sysctl_15xx.o)
                              C:\Users\danie\Documents\MCUXpressoIDE_11.1.0_3209\workspace\lpc_board_nxp_lpcxpresso_1549\Debug\liblpc_board_nxp_lpcxpresso_1549.a(board_sysinit.o) (Chip_SYSCTL_AssertPeriphReset)
C:\Users\danie\Documents\MCUXpressoIDE_11.1.0_3209\workspace\lpc_chip_15xx\Debug\liblpc_chip_15xx.a(sysinit_15xx.o)
                              C:\Users\danie\Documents\MCUXpressoIDE_11.1.0_3209\workspace\lpc_board_nxp_lpcxpresso_1549\Debug\liblpc_board_nxp_lpcxpresso_1549.a(board_sysinit.o) (Chip_SetupXtalClocking)
C:\Users\danie\Documents\MCUXpressoIDE_11.1.0_3209\workspace\lpc_chip_15xx\Debug\liblpc_chip_15xx.a(uart_15xx.o)
                              C:\Users\danie\Documents\MCUXpressoIDE_11.1.0_3209\workspace\lpc_board_nxp_lpcxpresso_1549\Debug\liblpc_board_nxp_lpcxpresso_1549.a(board.o) (Chip_UART_Init)
C:\Users\danie\Documents\MCUXpressoIDE_11.1.0_3209\workspace\lpc_chip_15xx\Debug\liblpc_chip_15xx.a(ring_buffer.o)
                              C:\Users\danie\Documents\MCUXpressoIDE_11.1.0_3209\workspace\lpc_chip_15xx\Debug\liblpc_chip_15xx.a(uart_15xx.o) (RingBuffer_Insert)
c:/nxp/mcuxpressoide_11.1.0_3209/ide/plugins/com.nxp.mcuxpresso.tools.win32_11.1.0.201909161352/tools/bin/../lib/gcc/arm-none-eabi/8.3.1/thumb/v7-m/nofp\libgcc.a(_aeabi_uldivmod.o)
                              C:\Users\danie\Documents\MCUXpressoIDE_11.1.0_3209\workspace\lpc_chip_15xx\Debug\liblpc_chip_15xx.a(clock_15xx.o) (__aeabi_uldivmod)
c:/nxp/mcuxpressoide_11.1.0_3209/ide/plugins/com.nxp.mcuxpresso.tools.win32_11.1.0.201909161352/tools/bin/../lib/gcc/arm-none-eabi/8.3.1/thumb/v7-m/nofp\libgcc.a(_udivmoddi4.o)
                              c:/nxp/mcuxpressoide_11.1.0_3209/ide/plugins/com.nxp.mcuxpresso.tools.win32_11.1.0.201909161352/tools/bin/../lib/gcc/arm-none-eabi/8.3.1/thumb/v7-m/nofp\libgcc.a(_aeabi_uldivmod.o) (__udivmoddi4)
c:/nxp/mcuxpressoide_11.1.0_3209/ide/plugins/com.nxp.mcuxpresso.tools.win32_11.1.0.201909161352/tools/bin/../lib/gcc/arm-none-eabi/8.3.1/thumb/v7-m/nofp\libgcc.a(_dvmd_tls.o)
                              c:/nxp/mcuxpressoide_11.1.0_3209/ide/plugins/com.nxp.mcuxpresso.tools.win32_11.1.0.201909161352/tools/bin/../lib/gcc/arm-none-eabi/8.3.1/thumb/v7-m/nofp\libgcc.a(_aeabi_uldivmod.o) (__aeabi_ldiv0)
c:/nxp/mcuxpressoide_11.1.0_3209/ide/plugins/com.nxp.mcuxpresso.tools.win32_11.1.0.201909161352/tools/bin/../lib/gcc/arm-none-eabi/8.3.1/../../../../arm-none-eabi/lib/thumb/v7-m/nofp\libc.a(lib_a-init.o)
                              ./src/cr_startup_lpc15xx.o (__libc_init_array)
c:/nxp/mcuxpressoide_11.1.0_3209/ide/plugins/com.nxp.mcuxpresso.tools.win32_11.1.0.201909161352/tools/bin/../lib/gcc/arm-none-eabi/8.3.1/../../../../arm-none-eabi/lib/thumb/v7-m/nofp\libc.a(lib_a-malloc.o)
                              ./src/cr_cpp_config.o (malloc)
[...]
Memory Configuration

Name             Origin             Length             Attributes
MFlash256        0x00000000         0x00040000         xr
Ram0_16_32       0x02000000         0x00008000         xrw
Ram2_4           0x02008000         0x00001000         xrw
*default*        0x00000000         0xffffffff

Linker script and memory map

LOAD ./src/PROJECT.o
LOAD ./src/cr_cpp_config.o
LOAD ./src/cr_startup_lpc15xx.o
LOAD ./src/crp.o
LOAD ./src/sysinit.o
LOAD C:\Users\danie\Documents\MCUXpressoIDE_11.1.0_3209\workspace\lpc_board_nxp_lpcxpresso_1549\Debug\liblpc_board_nxp_lpcxpresso_1549.a
LOAD C:\Users\danie\Documents\MCUXpressoIDE_11.1.0_3209\workspace\lpc_chip_15xx\Debug\liblpc_chip_15xx.a
START GROUP
LOAD c:/nxp/mcuxpressoide_11.1.0_3209/ide/plugins/com.nxp.mcuxpresso.tools.win32_11.1.0.201909161352/tools/bin/../lib/gcc/arm-none-eabi/8.3.1/thumb/v7-m/nofp\libgcc.a
LOAD c:/nxp/mcuxpressoide_11.1.0_3209/ide/plugins/com.nxp.mcuxpresso.tools.win32_11.1.0.201909161352/tools/bin/../lib/gcc/arm-none-eabi/8.3.1/../../../../arm-none-eabi/lib/thumb/v7-m/nofp\libc.a
LOAD c:/nxp/mcuxpressoide_11.1.0_3209/ide/plugins/com.nxp.mcuxpresso.tools.win32_11.1.0.201909161352/tools/bin/../lib/gcc/arm-none-eabi/8.3.1/../../../../arm-none-eabi/lib/thumb/v7-m/nofp\libstdc++.a
LOAD c:/nxp/mcuxpressoide_11.1.0_3209/ide/plugins/com.nxp.mcuxpresso.tools.win32_11.1.0.201909161352/tools/bin/../lib/gcc/arm-none-eabi/8.3.1/../../../../arm-none-eabi/lib/thumb/v7-m/nofp\libm.a
LOAD c:/nxp/mcuxpressoide_11.1.0_3209/ide/plugins/com.nxp.mcuxpresso.tools.win32_11.1.0.201909161352/tools/bin/../lib/gcc/arm-none-eabi/8.3.1/../../../../arm-none-eabi/lib/thumb/v7-m/nofp\libcr_newlib_nohost.a
LOAD c:/nxp/mcuxpressoide_11.1.0_3209/ide/plugins/com.nxp.mcuxpresso.tools.win32_11.1.0.201909161352/tools/bin/../lib/gcc/arm-none-eabi/8.3.1/thumb/v7-m/nofp\crti.o
LOAD c:/nxp/mcuxpressoide_11.1.0_3209/ide/plugins/com.nxp.mcuxpresso.tools.win32_11.1.0.201909161352/tools/bin/../lib/gcc/arm-none-eabi/8.3.1/thumb/v7-m/nofp\crtn.o
LOAD c:/nxp/mcuxpressoide_11.1.0_3209/ide/plugins/com.nxp.mcuxpresso.tools.win32_11.1.0.201909161352/tools/bin/../lib/gcc/arm-none-eabi/8.3.1/thumb/v7-m/nofp\crtbegin.o
LOAD c:/nxp/mcuxpressoide_11.1.0_3209/ide/plugins/com.nxp.mcuxpresso.tools.win32_11.1.0.201909161352/tools/bin/../lib/gcc/arm-none-eabi/8.3.1/thumb/v7-m/nofp\crtend.o
END GROUP
                0x00000000                __base_MFlash256 = 0x0
                0x00000000                __base_Flash = 0x0
                0x00040000                __top_MFlash256 = 0x40000
                0x00040000                __top_Flash = 0x40000
                0x02000000                __base_Ram0_16_32 = 0x2000000
                0x02000000                __base_RAM = 0x2000000
                0x02008000                __top_Ram0_16_32 = 0x2008000
                0x02008000                __top_RAM = 0x2008000
                0x02008000                __base_Ram2_4 = 0x2008000
                0x02008000                __base_RAM2 = 0x2008000
                0x02009000                __top_Ram2_4 = 0x2009000
                0x02009000                __top_RAM2 = 0x2009000

.text           0x00000000     0x13a0
 FILL mask 0xff
                0x00000000                __vectors_start__ = ABSOLUTE (.)
 *(.isr_vector)
 .isr_vector    0x00000000       0xfc ./src/cr_startup_lpc15xx.o
                0x00000000                g_pfnVectors
                0x000000fc                . = ALIGN (0x4)
                0x000000fc                __section_table_start = .
                0x000000fc                __data_section_table = .
                0x000000fc        0x4 LONG 0x13a8 LOADADDR (.data)
                0x00000100        0x4 LONG 0x2000000 ADDR (.data)
                0x00000104        0x4 LONG 0x0 SIZEOF (.data)
                0x00000108        0x4 LONG 0x13a8 LOADADDR (.data_RAM2)
                0x0000010c        0x4 LONG 0x2008000 ADDR (.data_RAM2)
                0x00000110        0x4 LONG 0x0 SIZEOF (.data_RAM2)
                0x00000114                __data_section_table_end = .
                0x00000114                __bss_section_table = .
                0x00000114        0x4 LONG 0x2000000 ADDR (.bss)
                0x00000118        0x4 LONG 0x24 SIZEOF (.bss)
                0x0000011c        0x4 LONG 0x2008000 ADDR (.bss_RAM2)
                0x00000120        0x4 LONG 0x0 SIZEOF (.bss_RAM2)
                0x00000124                __bss_section_table_end = .
                0x00000124                __section_table_end = .
 *(.after_vectors*)
 .after_vectors
                0x00000124      0x140 ./src/cr_startup_lpc15xx.o
                0x00000124                data_init(unsigned int, unsigned int, unsigned int)
                0x00000166                bss_init(unsigned int, unsigned int)
                0x0000019c                ResetISR
                0x00000228                NMI_Handler
                0x0000022e                HardFault_Handler
                0x00000234                MemManage_Handler
                0x0000023a                BusFault_Handler
                0x00000240                UsageFault_Handler
                0x00000246                SVC_Handler
                0x0000024c                DebugMon_Handler
                0x00000252                PendSV_Handler
                0x00000258                SysTick_Handler
                0x0000025e                UART1_IRQHandler
                0x0000025e                RTC_WAKE_IRQHandler
                0x0000025e                UART0_IRQHandler
                0x0000025e                MRT_IRQHandler
                0x0000025e                SPI1_IRQHandler
                0x0000025e                PIN_INT6_IRQHandler
                0x0000025e                IntDefaultHandler
                0x0000025e                PIN_INT4_IRQHandler
                0x0000025e                CAN_IRQHandler
                0x0000025e                RTC_ALARM_IRQHandler
                0x0000025e                ADC1B_IRQHandler
                0x0000025e                ADC1_OVR_IRQHandler
                0x0000025e                ADC1_THCMP_IRQHandler
                0x0000025e                ADC0_OVR_IRQHandler
                0x0000025e                PIN_INT5_IRQHandler
                0x0000025e                SCT1_IRQHandler
                0x0000025e                PIN_INT2_IRQHandler
                0x0000025e                USB_FIQHandler
                0x0000025e                SCT3_IRQHandler
                0x0000025e                PIN_INT7_IRQHandler
                0x0000025e                I2C0_IRQHandler
                0x0000025e                PIN_INT1_IRQHandler
                0x0000025e                USB_IRQHandler
                0x0000025e                BOD_IRQHandler
                0x0000025e                ADC0B_IRQHandler
                0x0000025e                ACMP0_IRQHandler
                0x0000025e                RIT_IRQHandler
                0x0000025e                SCT2_IRQHandler
                0x0000025e                WDT_IRQHandler
                0x0000025e                USBWakeup_IRQHandler
                0x0000025e                PIN_INT0_IRQHandler
                0x0000025e                QEI_IRQHandler
                0x0000025e                ACMP3_IRQHandler
                0x0000025e                GINT0_IRQHandler
                0x0000025e                DAC_IRQHandler
                0x0000025e                SPI0_IRQHandler
                0x0000025e                EEPROM_IRQHandler
                0x0000025e                ACMP2_IRQHandler
                0x0000025e                UART2_IRQHandler
                0x0000025e                ADC1A_IRQHandler
                0x0000025e                DMA_IRQHandler
                0x0000025e                PIN_INT3_IRQHandler
                0x0000025e                ACMP1_IRQHandler
                0x0000025e                SCT0_IRQHandler
                0x0000025e                ADC0A_IRQHandler
                0x0000025e                FMC_IRQHandler
                0x0000025e                GINT1_IRQHandler
                0x0000025e                ADC0_THCMP_IRQHandler
 *(.text*)
 .text.main     0x00000264       0x28 ./src/PROJECT.o
                0x00000264                main
 .text.SystemInit
                0x0000028c        0xc ./src/sysinit.o
                0x0000028c                SystemInit
 .text.Chip_IOCON_PinMuxSet
                0x00000298       0x2c C:\Users\danie\Documents\MCUXpressoIDE_11.1.0_3209\workspace\lpc_board_nxp_lpcxpresso_1549\Debug\liblpc_board_nxp_lpcxpresso_1549.a(board.o)
 .text.Chip_SWM_MovablePortPinAssign
                0x000002c4       0x30 C:\Users\danie\Documents\MCUXpressoIDE_11.1.0_3209\workspace\lpc_board_nxp_lpcxpresso_1549\Debug\liblpc_board_nxp_lpcxpresso_1549.a(board.o)
 .text.Chip_GPIO_SetPinState
                0x000002f4       0x36 C:\Users\danie\Documents\MCUXpressoIDE_11.1.0_3209\workspace\lpc_board_nxp_lpcxpresso_1549\Debug\liblpc_board_nxp_lpcxpresso_1549.a(board.o)
 .text.Chip_GPIO_SetPinDIROutput
                0x0000032a       0x3c C:\Users\danie\Documents\MCUXpressoIDE_11.1.0_3209\workspace\lpc_board_nxp_lpcxpresso_1549\Debug\liblpc_board_nxp_lpcxpresso_1549.a(board.o)
 .text.Chip_UART_Enable
                0x00000366       0x1e C:\Users\danie\Documents\MCUXpressoIDE_11.1.0_3209\workspace\lpc_board_nxp_lpcxpresso_1549\Debug\liblpc_board_nxp_lpcxpresso_1549.a(board.o)
 .text.Chip_UART_TXEnable
                0x00000384       0x1e C:\Users\danie\Documents\MCUXpressoIDE_11.1.0_3209\workspace\lpc_board_nxp_lpcxpresso_1549\Debug\liblpc_board_nxp_lpcxpresso_1549.a(board.o)
 .text.Chip_UART_ConfigData
                0x000003a2       0x28 C:\Users\danie\Documents\MCUXpressoIDE_11.1.0_3209\workspace\lpc_board_nxp_lpcxpresso_1549\Debug\liblpc_board_nxp_lpcxpresso_1549.a(board.o)
 *fill*         0x000003ca        0x2 ff
 .text.Board_Debug_Init
                0x000003cc       0x70 C:\Users\danie\Documents\MCUXpressoIDE_11.1.0_3209\workspace\lpc_board_nxp_lpcxpresso_1549\Debug\liblpc_board_nxp_lpcxpresso_1549.a(board.o)
                0x000003cc                Board_Debug_Init
 .text.Board_LED_Init
                0x0000043c       0x5c C:\Users\danie\Documents\MCUXpressoIDE_11.1.0_3209\workspace\lpc_board_nxp_lpcxpresso_1549\Debug\liblpc_board_nxp_lpcxpresso_1549.a(board.o)
 .text.Board_LED_Set
                0x00000498       0x54 C:\Users\danie\Documents\MCUXpressoIDE_11.1.0_3209\workspace\lpc_board_nxp_lpcxpresso_1549\Debug\liblpc_board_nxp_lpcxpresso_1549.a(board.o)
                0x00000498                Board_LED_Set
 .text.Board_Init
                0x000004ec       0x18 C:\Users\danie\Documents\MCUXpressoIDE_11.1.0_3209\workspace\lpc_board_nxp_lpcxpresso_1549\Debug\liblpc_board_nxp_lpcxpresso_1549.a(board.o)
                0x000004ec                Board_Init
 .text.Chip_SYSCTL_PeriphReset
                0x00000504       0x22 C:\Users\danie\Documents\MCUXpressoIDE_11.1.0_3209\workspace\lpc_board_nxp_lpcxpresso_1549\Debug\liblpc_board_nxp_lpcxpresso_1549.a(board_sysinit.o)
 *fill*         0x00000526        0x2 ff
 .text.Chip_Clock_SetUSBPLLSource
                0x00000528       0x20 C:\Users\danie\Documents\MCUXpressoIDE_11.1.0_3209\workspace\lpc_board_nxp_lpcxpresso_1549\Debug\liblpc_board_nxp_lpcxpresso_1549.a(board_sysinit.o)
 .text.Chip_Clock_SetupUSBPLL
                0x00000548       0x34 C:\Users\danie\Documents\MCUXpressoIDE_11.1.0_3209\workspace\lpc_board_nxp_lpcxpresso_1549\Debug\liblpc_board_nxp_lpcxpresso_1549.a(board_sysinit.o)
 .text.Chip_Clock_IsUSBPLLLocked
                0x0000057c       0x24 C:\Users\danie\Documents\MCUXpressoIDE_11.1.0_3209\workspace\lpc_board_nxp_lpcxpresso_1549\Debug\liblpc_board_nxp_lpcxpresso_1549.a(board_sysinit.o)
 .text.Chip_Clock_SetSysTickClockDiv
                0x000005a0       0x20 C:\Users\danie\Documents\MCUXpressoIDE_11.1.0_3209\workspace\lpc_board_nxp_lpcxpresso_1549\Debug\liblpc_board_nxp_lpcxpresso_1549.a(board_sysinit.o)
 .text.Chip_SWM_MovablePortPinAssign
                0x000005c0       0x30 C:\Users\danie\Documents\MCUXpressoIDE_11.1.0_3209\workspace\lpc_board_nxp_lpcxpresso_1549\Debug\liblpc_board_nxp_lpcxpresso_1549.a(board_sysinit.o)
 .text.Board_SetupMuxing
                0x000005f0       0x80 C:\Users\danie\Documents\MCUXpressoIDE_11.1.0_3209\workspace\lpc_board_nxp_lpcxpresso_1549\Debug\liblpc_board_nxp_lpcxpresso_1549.a(board_sysinit.o)
                0x000005f0                Board_SetupMuxing
 .text.Board_SetupClocking
                0x00000670       0x3a C:\Users\danie\Documents\MCUXpressoIDE_11.1.0_3209\workspace\lpc_board_nxp_lpcxpresso_1549\Debug\liblpc_board_nxp_lpcxpresso_1549.a(board_sysinit.o)
                0x00000670                Board_SetupClocking
 *fill*         0x000006aa        0x2 ff
 .text.Board_SystemInit
                0x000006ac       0x1c C:\Users\danie\Documents\MCUXpressoIDE_11.1.0_3209\workspace\lpc_board_nxp_lpcxpresso_1549\Debug\liblpc_board_nxp_lpcxpresso_1549.a(board_sysinit.o)
                0x000006ac                Board_SystemInit
 .text.SystemCoreClockUpdate
                0x000006c8       0x18 C:\Users\danie\Documents\MCUXpressoIDE_11.1.0_3209\workspace\lpc_chip_15xx\Debug\liblpc_chip_15xx.a(chip_15xx.o)
                0x000006c8                SystemCoreClockUpdate
 .text.Chip_Clock_SetMain_A_ClockSource
                0x000006e0       0x20 C:\Users\danie\Documents\MCUXpressoIDE_11.1.0_3209\workspace\lpc_chip_15xx\Debug\liblpc_chip_15xx.a(clock_15xx.o)
 .text.Chip_Clock_GetMain_A_ClockSource
                0x00000700       0x18 C:\Users\danie\Documents\MCUXpressoIDE_11.1.0_3209\workspace\lpc_chip_15xx\Debug\liblpc_chip_15xx.a(clock_15xx.o)
 .text.Chip_Clock_SetMain_B_ClockSource
                0x00000718       0x20 C:\Users\danie\Documents\MCUXpressoIDE_11.1.0_3209\workspace\lpc_chip_15xx\Debug\liblpc_chip_15xx.a(clock_15xx.o)
 .text.Chip_Clock_GetMain_B_ClockSource
                0x00000738       0x18 C:\Users\danie\Documents\MCUXpressoIDE_11.1.0_3209\workspace\lpc_chip_15xx\Debug\liblpc_chip_15xx.a(clock_15xx.o)
 .text.Chip_Clock_SetUARTFRGDivider
                0x00000750       0x20 C:\Users\danie\Documents\MCUXpressoIDE_11.1.0_3209\workspace\lpc_chip_15xx\Debug\liblpc_chip_15xx.a(clock_15xx.o)
 .text.Chip_Clock_GetUARTFRGDivider
                0x00000770       0x18 C:\Users\danie\Documents\MCUXpressoIDE_11.1.0_3209\workspace\lpc_chip_15xx\Debug\liblpc_chip_15xx.a(clock_15xx.o)
 .text.Chip_Clock_GetMainOscRate
                0x00000788       0x14 C:\Users\danie\Documents\MCUXpressoIDE_11.1.0_3209\workspace\lpc_chip_15xx\Debug\liblpc_chip_15xx.a(clock_15xx.o)
 .text.Chip_Clock_GetIntOscRate
                0x0000079c       0x14 C:\Users\danie\Documents\MCUXpressoIDE_11.1.0_3209\workspace\lpc_chip_15xx\Debug\liblpc_chip_15xx.a(clock_15xx.o)
 .text.Chip_Clock_GetRTCOscRate
                0x000007b0       0x14 C:\Users\danie\Documents\MCUXpressoIDE_11.1.0_3209\workspace\lpc_chip_15xx\Debug\liblpc_chip_15xx.a(clock_15xx.o)
 .text.Chip_Clock_GetWDTOSCRate
                0x000007c4       0x14 C:\Users\danie\Documents\MCUXpressoIDE_11.1.0_3209\workspace\lpc_chip_15xx\Debug\liblpc_chip_15xx.a(clock_15xx.o)
 .text.Chip_Clock_GetPLLFreq
                0x000007d8       0x26 C:\Users\danie\Documents\MCUXpressoIDE_11.1.0_3209\workspace\lpc_chip_15xx\Debug\liblpc_chip_15xx.a(clock_15xx.o)
 .text.Chip_Clock_GetPLLInClockRate
                0x000007fe       0x38 C:\Users\danie\Documents\MCUXpressoIDE_11.1.0_3209\workspace\lpc_chip_15xx\Debug\liblpc_chip_15xx.a(clock_15xx.o)
 *fill*         0x00000836        0x2 ff
 .text.Chip_Clock_GetSystemPLLInClockRate
                0x00000838       0x1c C:\Users\danie\Documents\MCUXpressoIDE_11.1.0_3209\workspace\lpc_chip_15xx\Debug\liblpc_chip_15xx.a(clock_15xx.o)
                0x00000838                Chip_Clock_GetSystemPLLInClockRate
 .text.Chip_Clock_GetSystemPLLOutClockRate
                0x00000854       0x24 C:\Users\danie\Documents\MCUXpressoIDE_11.1.0_3209\workspace\lpc_chip_15xx\Debug\liblpc_chip_15xx.a(clock_15xx.o)
                0x00000854                Chip_Clock_GetSystemPLLOutClockRate
 .text.Chip_Clock_GetMain_A_ClockRate
                0x00000878       0x44 C:\Users\danie\Documents\MCUXpressoIDE_11.1.0_3209\workspace\lpc_chip_15xx\Debug\liblpc_chip_15xx.a(clock_15xx.o)
                0x00000878                Chip_Clock_GetMain_A_ClockRate
 .text.Chip_Clock_GetMain_B_ClockRate
                0x000008bc       0x58 C:\Users\danie\Documents\MCUXpressoIDE_11.1.0_3209\workspace\lpc_chip_15xx\Debug\liblpc_chip_15xx.a(clock_15xx.o)
                0x000008bc                Chip_Clock_GetMain_B_ClockRate
 .text.Chip_Clock_SetMainClockSource
                0x00000914       0x3c C:\Users\danie\Documents\MCUXpressoIDE_11.1.0_3209\workspace\lpc_chip_15xx\Debug\liblpc_chip_15xx.a(clock_15xx.o)
                0x00000914                Chip_Clock_SetMainClockSource
 .text.Chip_Clock_GetMainClockRate
                0x00000950       0x28 C:\Users\danie\Documents\MCUXpressoIDE_11.1.0_3209\workspace\lpc_chip_15xx\Debug\liblpc_chip_15xx.a(clock_15xx.o)
                0x00000950                Chip_Clock_GetMainClockRate
 .text.Chip_Clock_EnablePeriphClock
                0x00000978       0x58 C:\Users\danie\Documents\MCUXpressoIDE_11.1.0_3209\workspace\lpc_chip_15xx\Debug\liblpc_chip_15xx.a(clock_15xx.o)
                0x00000978                Chip_Clock_EnablePeriphClock
 .text.Chip_Clock_GetUARTBaseClockRate
                0x000009d0       0x8c C:\Users\danie\Documents\MCUXpressoIDE_11.1.0_3209\workspace\lpc_chip_15xx\Debug\liblpc_chip_15xx.a(clock_15xx.o)
                0x000009d0                Chip_Clock_GetUARTBaseClockRate
 .text.Chip_Clock_SetUARTBaseClockRate
                0x00000a5c       0xa4 C:\Users\danie\Documents\MCUXpressoIDE_11.1.0_3209\workspace\lpc_chip_15xx\Debug\liblpc_chip_15xx.a(clock_15xx.o)
                0x00000a5c                Chip_Clock_SetUARTBaseClockRate
 .text.Chip_Clock_GetSystemClockRate
                0x00000b00       0x1c C:\Users\danie\Documents\MCUXpressoIDE_11.1.0_3209\workspace\lpc_chip_15xx\Debug\liblpc_chip_15xx.a(clock_15xx.o)
                0x00000b00                Chip_Clock_GetSystemClockRate
 .text.Chip_SYSCTL_PeriphReset
                0x00000b1c       0x22 C:\Users\danie\Documents\MCUXpressoIDE_11.1.0_3209\workspace\lpc_chip_15xx\Debug\liblpc_chip_15xx.a(gpio_15xx.o)
 .text.Chip_GPIO_Init
                0x00000b3e       0x2e C:\Users\danie\Documents\MCUXpressoIDE_11.1.0_3209\workspace\lpc_chip_15xx\Debug\liblpc_chip_15xx.a(gpio_15xx.o)
                0x00000b3e                Chip_GPIO_Init
 .text.Chip_IOCON_PinMuxSet
                0x00000b6c       0x2c C:\Users\danie\Documents\MCUXpressoIDE_11.1.0_3209\workspace\lpc_chip_15xx\Debug\liblpc_chip_15xx.a(iocon_15xx.o)
 .text.Chip_IOCON_SetPinMuxing
                0x00000b98       0x4e C:\Users\danie\Documents\MCUXpressoIDE_11.1.0_3209\workspace\lpc_chip_15xx\Debug\liblpc_chip_15xx.a(iocon_15xx.o)
                0x00000b98                Chip_IOCON_SetPinMuxing
 *fill*         0x00000be6        0x2 ff
 .text.Chip_SWM_MovablePinAssign
                0x00000be8       0x5c C:\Users\danie\Documents\MCUXpressoIDE_11.1.0_3209\workspace\lpc_chip_15xx\Debug\liblpc_chip_15xx.a(swm_15xx.o)
                0x00000be8                Chip_SWM_MovablePinAssign
 .text.Chip_SYSCTL_AssertPeriphReset
                0x00000c44       0x4c C:\Users\danie\Documents\MCUXpressoIDE_11.1.0_3209\workspace\lpc_chip_15xx\Debug\liblpc_chip_15xx.a(sysctl_15xx.o)
                0x00000c44                Chip_SYSCTL_AssertPeriphReset
 .text.Chip_SYSCTL_DeassertPeriphReset
                0x00000c90       0x50 C:\Users\danie\Documents\MCUXpressoIDE_11.1.0_3209\workspace\lpc_chip_15xx\Debug\liblpc_chip_15xx.a(sysctl_15xx.o)
                0x00000c90                Chip_SYSCTL_DeassertPeriphReset
 .text.Chip_SYSCTL_PowerDown
                0x00000ce0       0x40 C:\Users\danie\Documents\MCUXpressoIDE_11.1.0_3209\workspace\lpc_chip_15xx\Debug\liblpc_chip_15xx.a(sysctl_15xx.o)
                0x00000ce0                Chip_SYSCTL_PowerDown
 .text.Chip_SYSCTL_PowerUp
                0x00000d20       0x40 C:\Users\danie\Documents\MCUXpressoIDE_11.1.0_3209\workspace\lpc_chip_15xx\Debug\liblpc_chip_15xx.a(sysctl_15xx.o)
                0x00000d20                Chip_SYSCTL_PowerUp
 .text.Chip_FMC_SetFLASHAccess
                0x00000d60       0x38 C:\Users\danie\Documents\MCUXpressoIDE_11.1.0_3209\workspace\lpc_chip_15xx\Debug\liblpc_chip_15xx.a(sysinit_15xx.o)
 .text.Chip_Clock_SetSystemPLLSource
                0x00000d98       0x20 C:\Users\danie\Documents\MCUXpressoIDE_11.1.0_3209\workspace\lpc_chip_15xx\Debug\liblpc_chip_15xx.a(sysinit_15xx.o)
 .text.Chip_Clock_SetupSystemPLL
                0x00000db8       0x34 C:\Users\danie\Documents\MCUXpressoIDE_11.1.0_3209\workspace\lpc_chip_15xx\Debug\liblpc_chip_15xx.a(sysinit_15xx.o)
 .text.Chip_Clock_IsSystemPLLLocked
                0x00000dec       0x24 C:\Users\danie\Documents\MCUXpressoIDE_11.1.0_3209\workspace\lpc_chip_15xx\Debug\liblpc_chip_15xx.a(sysinit_15xx.o)
 .text.Chip_Clock_SetSysClockDiv
                0x00000e10       0x20 C:\Users\danie\Documents\MCUXpressoIDE_11.1.0_3209\workspace\lpc_chip_15xx\Debug\liblpc_chip_15xx.a(sysinit_15xx.o)
 .text.Chip_SetupXtalClocking
                0x00000e30       0x6c C:\Users\danie\Documents\MCUXpressoIDE_11.1.0_3209\workspace\lpc_chip_15xx\Debug\liblpc_chip_15xx.a(sysinit_15xx.o)
                0x00000e30                Chip_SetupXtalClocking
 .text.Chip_SYSCTL_PeriphReset
                0x00000e9c       0x22 C:\Users\danie\Documents\MCUXpressoIDE_11.1.0_3209\workspace\lpc_chip_15xx\Debug\liblpc_chip_15xx.a(uart_15xx.o)
 *fill*         0x00000ebe        0x2 ff
 .text.getUARTClockID
                0x00000ec0       0x34 C:\Users\danie\Documents\MCUXpressoIDE_11.1.0_3209\workspace\lpc_chip_15xx\Debug\liblpc_chip_15xx.a(uart_15xx.o)
 .text.Chip_UART_Init
                0x00000ef4       0x4c C:\Users\danie\Documents\MCUXpressoIDE_11.1.0_3209\workspace\lpc_chip_15xx\Debug\liblpc_chip_15xx.a(uart_15xx.o)
                0x00000ef4                Chip_UART_Init
 .text.Chip_UART_SetBaud
                0x00000f40       0x2a C:\Users\danie\Documents\MCUXpressoIDE_11.1.0_3209\workspace\lpc_chip_15xx\Debug\liblpc_chip_15xx.a(uart_15xx.o)
                0x00000f40                Chip_UART_SetBaud
 *fill*         0x00000f6a        0x2 ff
 .text          0x00000f6c       0x30 c:/nxp/mcuxpressoide_11.1.0_3209/ide/plugins/com.nxp.mcuxpresso.tools.win32_11.1.0.201909161352/tools/bin/../lib/gcc/arm-none-eabi/8.3.1/thumb/v7-m/nofp\libgcc.a(_aeabi_uldivmod.o)
                0x00000f6c                __aeabi_uldivmod
 .text          0x00000f9c      0x2d0 c:/nxp/mcuxpressoide_11.1.0_3209/ide/plugins/com.nxp.mcuxpresso.tools.win32_11.1.0.201909161352/tools/bin/../lib/gcc/arm-none-eabi/8.3.1/thumb/v7-m/nofp\libgcc.a(_udivmoddi4.o)
                0x00000f9c                __udivmoddi4
 .text          0x0000126c        0x4 c:/nxp/mcuxpressoide_11.1.0_3209/ide/plugins/com.nxp.mcuxpresso.tools.win32_11.1.0.201909161352/tools/bin/../lib/gcc/arm-none-eabi/8.3.1/thumb/v7-m/nofp\libgcc.a(_dvmd_tls.o)
                0x0000126c                __aeabi_idiv0
                0x0000126c                __aeabi_ldiv0
 .text.__libc_init_array
                0x00001270       0x48 c:/nxp/mcuxpressoide_11.1.0_3209/ide/plugins/com.nxp.mcuxpresso.tools.win32_11.1.0.201909161352/tools/bin/../lib/gcc/arm-none-eabi/8.3.1/../../../../arm-none-eabi/lib/thumb/v7-m/nofp\libc.a(lib_a-init.o)
                0x00001270                __libc_init_array
 .text          0x000012b8       0x40 c:/nxp/mcuxpressoide_11.1.0_3209/ide/plugins/com.nxp.mcuxpresso.tools.win32_11.1.0.201909161352/tools/bin/../lib/gcc/arm-none-eabi/8.3.1/thumb/v7-m/nofp\crtbegin.o
 *(.rodata .rodata.* .constdata .constdata.*)
 .rodata.OscRateIn
                0x000012f8        0x4 C:\Users\danie\Documents\MCUXpressoIDE_11.1.0_3209\workspace\lpc_board_nxp_lpcxpresso_1549\Debug\liblpc_board_nxp_lpcxpresso_1549.a(board.o)
                0x000012f8                OscRateIn
 .rodata.RTCOscRateIn
                0x000012fc        0x4 C:\Users\danie\Documents\MCUXpressoIDE_11.1.0_3209\workspace\lpc_board_nxp_lpcxpresso_1549\Debug\liblpc_board_nxp_lpcxpresso_1549.a(board.o)
                0x000012fc                RTCOscRateIn
 .rodata.ledpins
                0x00001300        0x3 C:\Users\danie\Documents\MCUXpressoIDE_11.1.0_3209\workspace\lpc_board_nxp_lpcxpresso_1549\Debug\liblpc_board_nxp_lpcxpresso_1549.a(board.o)
 *fill*         0x00001303        0x1 ff
 .rodata.ledports
                0x00001304        0x3 C:\Users\danie\Documents\MCUXpressoIDE_11.1.0_3209\workspace\lpc_board_nxp_lpcxpresso_1549\Debug\liblpc_board_nxp_lpcxpresso_1549.a(board.o)
 *fill*         0x00001307        0x1 ff
 .rodata.ioconSetup
                0x00001308       0x74 C:\Users\danie\Documents\MCUXpressoIDE_11.1.0_3209\workspace\lpc_board_nxp_lpcxpresso_1549\Debug\liblpc_board_nxp_lpcxpresso_1549.a(board_sysinit.o)
 .rodata.swmSetup
                0x0000137c        0x6 C:\Users\danie\Documents\MCUXpressoIDE_11.1.0_3209\workspace\lpc_board_nxp_lpcxpresso_1549\Debug\liblpc_board_nxp_lpcxpresso_1549.a(board_sysinit.o)
                0x00001384                . = ALIGN (0x4)
 *fill*         0x00001382        0x2 ff
                0x00001384                . = ALIGN (0x4)
 *(.init)
 .init          0x00001384        0x4 c:/nxp/mcuxpressoide_11.1.0_3209/ide/plugins/com.nxp.mcuxpresso.tools.win32_11.1.0.201909161352/tools/bin/../lib/gcc/arm-none-eabi/8.3.1/thumb/v7-m/nofp\crti.o
                0x00001384                _init
 .init          0x00001388        0x8 c:/nxp/mcuxpressoide_11.1.0_3209/ide/plugins/com.nxp.mcuxpresso.tools.win32_11.1.0.201909161352/tools/bin/../lib/gcc/arm-none-eabi/8.3.1/thumb/v7-m/nofp\crtn.o
                0x00001390                . = ALIGN (0x4)
                0x00001390                __preinit_array_start = .
 *(.preinit_array)
                0x00001390                __preinit_array_end = .
                0x00001390                . = ALIGN (0x4)
                0x00001390                __init_array_start = .
 *(SORT_BY_NAME(.init_array.*))
 *(.init_array)
 .init_array    0x00001390        0x4 c:/nxp/mcuxpressoide_11.1.0_3209/ide/plugins/com.nxp.mcuxpresso.tools.win32_11.1.0.201909161352/tools/bin/../lib/gcc/arm-none-eabi/8.3.1/thumb/v7-m/nofp\crtbegin.o
                0x00001394                __init_array_end = .
 *(.fini)
 .fini          0x00001394        0x4 c:/nxp/mcuxpressoide_11.1.0_3209/ide/plugins/com.nxp.mcuxpresso.tools.win32_11.1.0.201909161352/tools/bin/../lib/gcc/arm-none-eabi/8.3.1/thumb/v7-m/nofp\crti.o
                0x00001394                _fini
 .fini          0x00001398        0x8 c:/nxp/mcuxpressoide_11.1.0_3209/ide/plugins/com.nxp.mcuxpresso.tools.win32_11.1.0.201909161352/tools/bin/../lib/gcc/arm-none-eabi/8.3.1/thumb/v7-m/nofp\crtn.o
                0x000013a0                . = ALIGN (0x4)
 *crtbegin.o(.ctors)
 *(EXCLUDE_FILE(*crtend.o) .ctors)
 *(SORT_BY_NAME(.ctors.*))
 *crtend.o(.ctors)
                0x000013a0                . = ALIGN (0x4)
 *crtbegin.o(.dtors)
 *(EXCLUDE_FILE(*crtend.o) .dtors)
 *(SORT_BY_NAME(.dtors.*))
 *crtend.o(.dtors)
                0x000013a0                . = ALIGN (0x4)

.glue_7         0x000013a0        0x0
 .glue_7        0x000013a0        0x0 linker stubs

.glue_7t        0x000013a0        0x0
 .glue_7t       0x000013a0        0x0 linker stubs

.vfp11_veneer   0x000013a0        0x0
 .vfp11_veneer  0x000013a0        0x0 linker stubs

.v4_bx          0x000013a0        0x0
 .v4_bx         0x000013a0        0x0 linker stubs

.iplt           0x000013a0        0x0
 .iplt          0x000013a0        0x0 ./src/PROJECT.o

.ARM.extab
 *(.ARM.extab* .gnu.linkonce.armextab.*)
                0x000013a0                __exidx_start = .

.ARM.exidx      0x000013a0        0x8
 *(.ARM.exidx* .gnu.linkonce.armexidx.*)
 .ARM.exidx     0x000013a0        0x8 c:/nxp/mcuxpressoide_11.1.0_3209/ide/plugins/com.nxp.mcuxpresso.tools.win32_11.1.0.201909161352/tools/bin/../lib/gcc/arm-none-eabi/8.3.1/thumb/v7-m/nofp\libgcc.a(_udivmoddi4.o)
                0x000013a8                __exidx_end = .
                0x000013a8                _etext = .

.rel.dyn        0x000013a8        0x0
 .rel.iplt      0x000013a8        0x0 ./src/PROJECT.o

.eh_frame       0x000013a8        0x0
 .eh_frame      0x000013a8        0x0 c:/nxp/mcuxpressoide_11.1.0_3209/ide/plugins/com.nxp.mcuxpresso.tools.win32_11.1.0.201909161352/tools/bin/../lib/gcc/arm-none-eabi/8.3.1/thumb/v7-m/nofp\crtbegin.o

.data_RAM2      0x02008000        0x0 load address 0x000013a8
 FILL mask 0xff
                [!provide]                PROVIDE (__start_data_RAM2 = .)
                [!provide]                PROVIDE (__start_data_Ram2_4 = .)
 *(.ramfunc.$RAM2)
 *(.ramfunc.$Ram2_4)
 *(.data.$RAM2)
 *(.data.$Ram2_4)
 *(.data.$RAM2.*)
 *(.data.$Ram2_4.*)
                0x02008000                . = ALIGN (0x4)
                [!provide]                PROVIDE (__end_data_RAM2 = .)
                [!provide]                PROVIDE (__end_data_Ram2_4 = .)

.uninit_RESERVED
                0x02000000        0x0
                0x02000000                _start_uninit_RESERVED = .
 *(.bss.$RESERVED*)
                0x02000000                . = ALIGN (0x4)
                0x02000000                _end_uninit_RESERVED = .

.data           0x02000000        0x0 load address 0x000013a8
 FILL mask 0xff
                0x02000000                _data = .
                [!provide]                PROVIDE (__start_data_RAM = .)
                [!provide]                PROVIDE (__start_data_Ram0_16_32 = .)
 *(vtable)
 *(.ramfunc*)
 *(CodeQuickAccess)
 *(DataQuickAccess)
 *(RamFunction)
 *(.data*)
                0x02000000                . = ALIGN (0x4)
                0x02000000                _edata = .
                [!provide]                PROVIDE (__end_data_RAM = .)
                [!provide]                PROVIDE (__end_data_Ram0_16_32 = .)

.igot.plt       0x02000000        0x0 load address 0x000013a8
 .igot.plt      0x02000000        0x0 ./src/PROJECT.o

.bss_RAM2       0x02008000        0x0
                [!provide]                PROVIDE (__start_bss_RAM2 = .)
                [!provide]                PROVIDE (__start_bss_Ram2_4 = .)
 *(.bss.$RAM2)
 *(.bss.$Ram2_4)
 *(.bss.$RAM2.*)
 *(.bss.$Ram2_4.*)
                0x02008000                . = ALIGN ((. != 0x0)?0x4:0x1)
                [!provide]                PROVIDE (__end_bss_RAM2 = .)
                [!provide]                PROVIDE (__end_bss_Ram2_4 = .)

.bss            0x02000000       0x24
                0x02000000                _bss = .
                [!provide]                PROVIDE (__start_bss_RAM = .)
                [!provide]                PROVIDE (__start_bss_Ram0_16_32 = .)
 *(.bss*)
 .bss._ZZ4mainE1i
                0x02000000        0x4 ./src/PROJECT.o
 .bss           0x02000004       0x1c c:/nxp/mcuxpressoide_11.1.0_3209/ide/plugins/com.nxp.mcuxpresso.tools.win32_11.1.0.201909161352/tools/bin/../lib/gcc/arm-none-eabi/8.3.1/thumb/v7-m/nofp\crtbegin.o
 *(COMMON)
 COMMON         0x02000020        0x4 C:\Users\danie\Documents\MCUXpressoIDE_11.1.0_3209\workspace\lpc_chip_15xx\Debug\liblpc_chip_15xx.a(chip_15xx.o)
                0x02000020                SystemCoreClock
                0x02000024                . = ALIGN (0x4)
                0x02000024                _ebss = .
                [!provide]                PROVIDE (__end_bss_RAM = .)
                [!provide]                PROVIDE (__end_bss_Ram0_16_32 = .)
                [!provide]                PROVIDE (end = .)

.noinit_RAM2    0x02008000        0x0
                [!provide]                PROVIDE (__start_noinit_RAM2 = .)
                [!provide]                PROVIDE (__start_noinit_Ram2_4 = .)
 *(.noinit.$RAM2)
 *(.noinit.$Ram2_4)
 *(.noinit.$RAM2.*)
 *(.noinit.$Ram2_4.*)
                0x02008000                . = ALIGN (0x4)
                [!provide]                PROVIDE (__end_noinit_RAM2 = .)
                [!provide]                PROVIDE (__end_noinit_Ram2_4 = .)

.noinit         0x02000024        0x0
                0x02000024                _noinit = .
                [!provide]                PROVIDE (__start_noinit_RAM = .)
                [!provide]                PROVIDE (__start_noinit_Ram0_16_32 = .)
 *(.noinit*)
                0x02000024                . = ALIGN (0x4)
                0x02000024                _end_noinit = .
                [!provide]                PROVIDE (__end_noinit_RAM = .)
                [!provide]                PROVIDE (__end_noinit_Ram0_16_32 = .)
                0x02000024                PROVIDE (_pvHeapStart = DEFINED (__user_heap_base)?__user_heap_base:.)
                0x02008000                PROVIDE (_vStackTop = DEFINED (__user_stack_top)?__user_stack_top:(__top_Ram0_16_32 - 0x0))
                0xfdff735a                PROVIDE (__valid_user_code_checksum = (0x0 - ((((((_vStackTop + (ResetISR + 0x1)) + (NMI_Handler + 0x1)) + (HardFault_Handler + 0x1)) + (DEFINED (MemManage_Handler)?MemManage_Handler:0x0 + 0x1)) + (DEFINED (BusFault_Handler)?BusFault_Handler:0x0 + 0x1)) + (DEFINED (UsageFault_Handler)?UsageFault_Handler:0x0 + 0x1))))
                0x00000000                _image_start = LOADADDR (.text)
                0x000013a8                _image_end = (LOADADDR (.data) + SIZEOF (.data))
                0x000013a8                _image_size = (_image_end - _image_start)
OUTPUT(PROJECT.axf elf32-littlearm)

.debug_info     0x00000000     0x74b6
 .debug_info    0x00000000      0xa23 ./src/PROJECT.o
 .debug_info    0x00000a23      0x2a0 ./src/cr_startup_lpc15xx.o
 .debug_info    0x00000cc3      0x9fc ./src/sysinit.o
 .debug_info    0x000016bf      0xca8 C:\Users\danie\Documents\MCUXpressoIDE_11.1.0_3209\workspace\lpc_board_nxp_lpcxpresso_1549\Debug\liblpc_board_nxp_lpcxpresso_1549.a(board.o)
 .debug_info    0x00002367      0xe7d C:\Users\danie\Documents\MCUXpressoIDE_11.1.0_3209\workspace\lpc_board_nxp_lpcxpresso_1549\Debug\liblpc_board_nxp_lpcxpresso_1549.a(board_sysinit.o)
 .debug_info    0x000031e4      0xa58 C:\Users\danie\Documents\MCUXpressoIDE_11.1.0_3209\workspace\lpc_chip_15xx\Debug\liblpc_chip_15xx.a(chip_15xx.o)
 .debug_info    0x00003c3c      0xe4e C:\Users\danie\Documents\MCUXpressoIDE_11.1.0_3209\workspace\lpc_chip_15xx\Debug\liblpc_chip_15xx.a(clock_15xx.o)
 .debug_info    0x00004a8a      0x6e5 C:\Users\danie\Documents\MCUXpressoIDE_11.1.0_3209\workspace\lpc_chip_15xx\Debug\liblpc_chip_15xx.a(gpio_15xx.o)
 .debug_info    0x0000516f      0x2b0 C:\Users\danie\Documents\MCUXpressoIDE_11.1.0_3209\workspace\lpc_chip_15xx\Debug\liblpc_chip_15xx.a(iocon_15xx.o)
 .debug_info    0x0000541f      0x6af C:\Users\danie\Documents\MCUXpressoIDE_11.1.0_3209\workspace\lpc_chip_15xx\Debug\liblpc_chip_15xx.a(swm_15xx.o)
 .debug_info    0x00005ace      0x816 C:\Users\danie\Documents\MCUXpressoIDE_11.1.0_3209\workspace\lpc_chip_15xx\Debug\liblpc_chip_15xx.a(sysctl_15xx.o)
 .debug_info    0x000062e4      0x7f0 C:\Users\danie\Documents\MCUXpressoIDE_11.1.0_3209\workspace\lpc_chip_15xx\Debug\liblpc_chip_15xx.a(sysinit_15xx.o)
 .debug_info    0x00006ad4      0x9e2 C:\Users\danie\Documents\MCUXpressoIDE_11.1.0_3209\workspace\lpc_chip_15xx\Debug\liblpc_chip_15xx.a(uart_15xx.o)

.debug_abbrev   0x00000000     0x190d
 .debug_abbrev  0x00000000      0x1ed ./src/PROJECT.o
 .debug_abbrev  0x000001ed      0x11a ./src/cr_startup_lpc15xx.o
 .debug_abbrev  0x00000307      0x1d9 ./src/sysinit.o
 .debug_abbrev  0x000004e0      0x26e C:\Users\danie\Documents\MCUXpressoIDE_11.1.0_3209\workspace\lpc_board_nxp_lpcxpresso_1549\Debug\liblpc_board_nxp_lpcxpresso_1549.a(board.o)
 .debug_abbrev  0x0000074e      0x27e C:\Users\danie\Documents\MCUXpressoIDE_11.1.0_3209\workspace\lpc_board_nxp_lpcxpresso_1549\Debug\liblpc_board_nxp_lpcxpresso_1549.a(board_sysinit.o)
 .debug_abbrev  0x000009cc      0x1ff C:\Users\danie\Documents\MCUXpressoIDE_11.1.0_3209\workspace\lpc_chip_15xx\Debug\liblpc_chip_15xx.a(chip_15xx.o)
 .debug_abbrev  0x00000bcb      0x2fd C:\Users\danie\Documents\MCUXpressoIDE_11.1.0_3209\workspace\lpc_chip_15xx\Debug\liblpc_chip_15xx.a(clock_15xx.o)
 .debug_abbrev  0x00000ec8      0x1b6 C:\Users\danie\Documents\MCUXpressoIDE_11.1.0_3209\workspace\lpc_chip_15xx\Debug\liblpc_chip_15xx.a(gpio_15xx.o)
 .debug_abbrev  0x0000107e      0x16c C:\Users\danie\Documents\MCUXpressoIDE_11.1.0_3209\workspace\lpc_chip_15xx\Debug\liblpc_chip_15xx.a(iocon_15xx.o)
 .debug_abbrev  0x000011ea      0x198 C:\Users\danie\Documents\MCUXpressoIDE_11.1.0_3209\workspace\lpc_chip_15xx\Debug\liblpc_chip_15xx.a(swm_15xx.o)
 .debug_abbrev  0x00001382      0x169 C:\Users\danie\Documents\MCUXpressoIDE_11.1.0_3209\workspace\lpc_chip_15xx\Debug\liblpc_chip_15xx.a(sysctl_15xx.o)
 .debug_abbrev  0x000014eb      0x1f2 C:\Users\danie\Documents\MCUXpressoIDE_11.1.0_3209\workspace\lpc_chip_15xx\Debug\liblpc_chip_15xx.a(sysinit_15xx.o)
 .debug_abbrev  0x000016dd      0x230 C:\Users\danie\Documents\MCUXpressoIDE_11.1.0_3209\workspace\lpc_chip_15xx\Debug\liblpc_chip_15xx.a(uart_15xx.o)

.debug_aranges  0x00000000      0x5b0
 .debug_aranges
                0x00000000       0x20 ./src/PROJECT.o
 .debug_aranges
                0x00000020       0x80 ./src/cr_startup_lpc15xx.o
 .debug_aranges
                0x000000a0       0x20 ./src/sysinit.o
 .debug_aranges
                0x000000c0       0xd0 C:\Users\danie\Documents\MCUXpressoIDE_11.1.0_3209\workspace\lpc_board_nxp_lpcxpresso_1549\Debug\liblpc_board_nxp_lpcxpresso_1549.a(board.o)
 .debug_aranges
                0x00000190       0x60 C:\Users\danie\Documents\MCUXpressoIDE_11.1.0_3209\workspace\lpc_board_nxp_lpcxpresso_1549\Debug\liblpc_board_nxp_lpcxpresso_1549.a(board_sysinit.o)
 .debug_aranges
                0x000001f0       0x50 C:\Users\danie\Documents\MCUXpressoIDE_11.1.0_3209\workspace\lpc_chip_15xx\Debug\liblpc_chip_15xx.a(chip_15xx.o)
 .debug_aranges
                0x00000240      0x128 C:\Users\danie\Documents\MCUXpressoIDE_11.1.0_3209\workspace\lpc_chip_15xx\Debug\liblpc_chip_15xx.a(clock_15xx.o)
 .debug_aranges
                0x00000368       0x70 C:\Users\danie\Documents\MCUXpressoIDE_11.1.0_3209\workspace\lpc_chip_15xx\Debug\liblpc_chip_15xx.a(gpio_15xx.o)
 .debug_aranges
                0x000003d8       0x28 C:\Users\danie\Documents\MCUXpressoIDE_11.1.0_3209\workspace\lpc_chip_15xx\Debug\liblpc_chip_15xx.a(iocon_15xx.o)
 .debug_aranges
                0x00000400       0x40 C:\Users\danie\Documents\MCUXpressoIDE_11.1.0_3209\workspace\lpc_chip_15xx\Debug\liblpc_chip_15xx.a(swm_15xx.o)
 .debug_aranges
                0x00000440       0x50 C:\Users\danie\Documents\MCUXpressoIDE_11.1.0_3209\workspace\lpc_chip_15xx\Debug\liblpc_chip_15xx.a(sysctl_15xx.o)
 .debug_aranges
                0x00000490       0x58 C:\Users\danie\Documents\MCUXpressoIDE_11.1.0_3209\workspace\lpc_chip_15xx\Debug\liblpc_chip_15xx.a(sysinit_15xx.o)
 .debug_aranges
                0x000004e8       0xc8 C:\Users\danie\Documents\MCUXpressoIDE_11.1.0_3209\workspace\lpc_chip_15xx\Debug\liblpc_chip_15xx.a(uart_15xx.o)

.debug_ranges   0x00000000      0x4e0
 .debug_ranges  0x00000000       0x10 ./src/PROJECT.o
 .debug_ranges  0x00000010       0x70 ./src/cr_startup_lpc15xx.o
 .debug_ranges  0x00000080       0x10 ./src/sysinit.o
 .debug_ranges  0x00000090       0xc0 C:\Users\danie\Documents\MCUXpressoIDE_11.1.0_3209\workspace\lpc_board_nxp_lpcxpresso_1549\Debug\liblpc_board_nxp_lpcxpresso_1549.a(board.o)
 .debug_ranges  0x00000150       0x50 C:\Users\danie\Documents\MCUXpressoIDE_11.1.0_3209\workspace\lpc_board_nxp_lpcxpresso_1549\Debug\liblpc_board_nxp_lpcxpresso_1549.a(board_sysinit.o)
 .debug_ranges  0x000001a0       0x40 C:\Users\danie\Documents\MCUXpressoIDE_11.1.0_3209\workspace\lpc_chip_15xx\Debug\liblpc_chip_15xx.a(chip_15xx.o)
 .debug_ranges  0x000001e0      0x118 C:\Users\danie\Documents\MCUXpressoIDE_11.1.0_3209\workspace\lpc_chip_15xx\Debug\liblpc_chip_15xx.a(clock_15xx.o)
 .debug_ranges  0x000002f8       0x60 C:\Users\danie\Documents\MCUXpressoIDE_11.1.0_3209\workspace\lpc_chip_15xx\Debug\liblpc_chip_15xx.a(gpio_15xx.o)
 .debug_ranges  0x00000358       0x18 C:\Users\danie\Documents\MCUXpressoIDE_11.1.0_3209\workspace\lpc_chip_15xx\Debug\liblpc_chip_15xx.a(iocon_15xx.o)
 .debug_ranges  0x00000370       0x30 C:\Users\danie\Documents\MCUXpressoIDE_11.1.0_3209\workspace\lpc_chip_15xx\Debug\liblpc_chip_15xx.a(swm_15xx.o)
 .debug_ranges  0x000003a0       0x40 C:\Users\danie\Documents\MCUXpressoIDE_11.1.0_3209\workspace\lpc_chip_15xx\Debug\liblpc_chip_15xx.a(sysctl_15xx.o)
 .debug_ranges  0x000003e0       0x48 C:\Users\danie\Documents\MCUXpressoIDE_11.1.0_3209\workspace\lpc_chip_15xx\Debug\liblpc_chip_15xx.a(sysinit_15xx.o)
 .debug_ranges  0x00000428       0xb8 C:\Users\danie\Documents\MCUXpressoIDE_11.1.0_3209\workspace\lpc_chip_15xx\Debug\liblpc_chip_15xx.a(uart_15xx.o)

.debug_macro    0x00000000     0x81b8
 .debug_macro   0x00000000      0x3e5 ./src/PROJECT.o
 .debug_macro   0x000003e5      0xb80 ./src/PROJECT.o
 .debug_macro   0x00000f65       0x1c ./src/PROJECT.o
 .debug_macro   0x00000f81       0x22 ./src/PROJECT.o
 .debug_macro   0x00000fa3       0x8e ./src/PROJECT.o
 .debug_macro   0x00001031       0x51 ./src/PROJECT.o
 .debug_macro   0x00001082      0x103 ./src/PROJECT.o
 .debug_macro   0x00001185       0x6a ./src/PROJECT.o
 .debug_macro   0x000011ef      0x1df ./src/PROJECT.o
 .debug_macro   0x000013ce       0x16 ./src/PROJECT.o
 .debug_macro   0x000013e4       0x7b ./src/PROJECT.o
 .debug_macro   0x0000145f       0x10 ./src/PROJECT.o
 .debug_macro   0x0000146f       0x2d ./src/PROJECT.o
 .debug_macro   0x0000149c       0x3a ./src/PROJECT.o
 .debug_macro   0x000014d6       0x2d ./src/PROJECT.o
 .debug_macro   0x00001503      0xa7d ./src/PROJECT.o
 .debug_macro   0x00001f80      0x1b4 ./src/PROJECT.o
 .debug_macro   0x00002134       0xca ./src/PROJECT.o
 .debug_macro   0x000021fe       0x18 ./src/PROJECT.o
 .debug_macro   0x00002216       0xb2 ./src/PROJECT.o
 .debug_macro   0x000022c8       0x70 ./src/PROJECT.o
 .debug_macro   0x00002338       0x46 ./src/PROJECT.o
 .debug_macro   0x0000237e       0xd0 ./src/PROJECT.o
 .debug_macro   0x0000244e       0x40 ./src/PROJECT.o
 .debug_macro   0x0000248e      0x233 ./src/PROJECT.o
 .debug_macro   0x000026c1       0x16 ./src/PROJECT.o
 .debug_macro   0x000026d7       0x88 ./src/PROJECT.o
 .debug_macro   0x0000275f       0x34 ./src/PROJECT.o
 .debug_macro   0x00002793       0x6a ./src/PROJECT.o
 .debug_macro   0x000027fd       0x40 ./src/PROJECT.o
 .debug_macro   0x0000283d       0x1c ./src/PROJECT.o
 .debug_macro   0x00002859       0x16 ./src/PROJECT.o
 .debug_macro   0x0000286f      0x10c ./src/PROJECT.o
 .debug_macro   0x0000297b      0x2a9 ./src/PROJECT.o
 .debug_macro   0x00002c24       0x76 ./src/PROJECT.o
 .debug_macro   0x00002c9a       0x22 ./src/PROJECT.o
 .debug_macro   0x00002cbc      0x152 ./src/PROJECT.o
 .debug_macro   0x00002e0e       0x82 ./src/PROJECT.o
 .debug_macro   0x00002e90       0xe6 ./src/PROJECT.o
 .debug_macro   0x00002f76       0x3a ./src/PROJECT.o
 .debug_macro   0x00002fb0       0x34 ./src/PROJECT.o
 .debug_macro   0x00002fe4       0x10 ./src/PROJECT.o
 .debug_macro   0x00002ff4       0x76 ./src/PROJECT.o
 .debug_macro   0x0000306a       0x58 ./src/PROJECT.o
 .debug_macro   0x000030c2      0x2ca ./src/PROJECT.o
 .debug_macro   0x0000338c      0x22b ./src/PROJECT.o
 .debug_macro   0x000035b7       0x2e ./src/PROJECT.o
 .debug_macro   0x000035e5       0x34 ./src/PROJECT.o
 .debug_macro   0x00003619       0x5e ./src/PROJECT.o
 .debug_macro   0x00003677       0x18 ./src/PROJECT.o
 .debug_macro   0x0000368f       0x35 ./src/PROJECT.o
 .debug_macro   0x000036c4       0x34 ./src/PROJECT.o
 .debug_macro   0x000036f8       0x16 ./src/PROJECT.o
 .debug_macro   0x0000370e       0x97 ./src/PROJECT.o
 .debug_macro   0x000037a5      0x35c ./src/PROJECT.o
 .debug_macro   0x00003b01      0x104 ./src/PROJECT.o
 .debug_macro   0x00003c05       0x10 ./src/PROJECT.o
 .debug_macro   0x00003c15       0x16 ./src/PROJECT.o
 .debug_macro   0x00003c2b       0x43 ./src/PROJECT.o
 .debug_macro   0x00003c6e       0x34 ./src/PROJECT.o
 .debug_macro   0x00003ca2       0x10 ./src/PROJECT.o
 .debug_macro   0x00003cb2       0x58 ./src/PROJECT.o
 .debug_macro   0x00003d0a      0x182 ./src/PROJECT.o
 .debug_macro   0x00003e8c       0x10 ./src/PROJECT.o
 .debug_macro   0x00003e9c       0x1c ./src/PROJECT.o
 .debug_macro   0x00003eb8       0x52 ./src/PROJECT.o
 .debug_macro   0x00003f0a       0x40 ./src/PROJECT.o
 .debug_macro   0x00003f4a       0x10 ./src/PROJECT.o
 .debug_macro   0x00003f5a       0x40 ./src/PROJECT.o
 .debug_macro   0x00003f9a       0xd5 ./src/PROJECT.o
 .debug_macro   0x0000406f       0x1c ./src/PROJECT.o
 .debug_macro   0x0000408b       0x3d ./src/PROJECT.o
 .debug_macro   0x000040c8       0x16 ./src/PROJECT.o
 .debug_macro   0x000040de      0x137 ./src/PROJECT.o
 .debug_macro   0x00004215       0x20 ./src/PROJECT.o
 .debug_macro   0x00004235       0x82 ./src/PROJECT.o
 .debug_macro   0x000042b7       0x23 ./src/cr_startup_lpc15xx.o
 .debug_macro   0x000042da      0x36b ./src/sysinit.o
 .debug_macro   0x00004645       0x56 ./src/sysinit.o
 .debug_macro   0x0000469b       0x22 ./src/sysinit.o
 .debug_macro   0x000046bd      0xa7d ./src/sysinit.o
 .debug_macro   0x0000513a       0x34 ./src/sysinit.o
 .debug_macro   0x0000516e       0x97 ./src/sysinit.o
 .debug_macro   0x00005205      0x339 ./src/sysinit.o
 .debug_macro   0x0000553e       0xfd ./src/sysinit.o
 .debug_macro   0x0000563b       0x43 ./src/sysinit.o
 .debug_macro   0x0000567e       0xbe ./src/sysinit.o
 .debug_macro   0x0000573c      0x129 ./src/sysinit.o
 .debug_macro   0x00005865      0x284 C:\Users\danie\Documents\MCUXpressoIDE_11.1.0_3209\workspace\lpc_board_nxp_lpcxpresso_1549\Debug\liblpc_board_nxp_lpcxpresso_1549.a(board.o)
 .debug_macro   0x00005ae9      0xa9c C:\Users\danie\Documents\MCUXpressoIDE_11.1.0_3209\workspace\lpc_board_nxp_lpcxpresso_1549\Debug\liblpc_board_nxp_lpcxpresso_1549.a(board.o)
 .debug_macro   0x00006585       0x10 C:\Users\danie\Documents\MCUXpressoIDE_11.1.0_3209\workspace\lpc_board_nxp_lpcxpresso_1549\Debug\liblpc_board_nxp_lpcxpresso_1549.a(board.o)
 .debug_macro   0x00006595      0x12e C:\Users\danie\Documents\MCUXpressoIDE_11.1.0_3209\workspace\lpc_board_nxp_lpcxpresso_1549\Debug\liblpc_board_nxp_lpcxpresso_1549.a(board.o)
 .debug_macro   0x000066c3      0x5b3 C:\Users\danie\Documents\MCUXpressoIDE_11.1.0_3209\workspace\lpc_board_nxp_lpcxpresso_1549\Debug\liblpc_board_nxp_lpcxpresso_1549.a(board.o)
 .debug_macro   0x00006c76       0x22 C:\Users\danie\Documents\MCUXpressoIDE_11.1.0_3209\workspace\lpc_board_nxp_lpcxpresso_1549\Debug\liblpc_board_nxp_lpcxpresso_1549.a(board.o)
 .debug_macro   0x00006c98       0x9a C:\Users\danie\Documents\MCUXpressoIDE_11.1.0_3209\workspace\lpc_board_nxp_lpcxpresso_1549\Debug\liblpc_board_nxp_lpcxpresso_1549.a(board.o)
 .debug_macro   0x00006d32       0x12 C:\Users\danie\Documents\MCUXpressoIDE_11.1.0_3209\workspace\lpc_board_nxp_lpcxpresso_1549\Debug\liblpc_board_nxp_lpcxpresso_1549.a(board.o)
 .debug_macro   0x00006d44      0x288 C:\Users\danie\Documents\MCUXpressoIDE_11.1.0_3209\workspace\lpc_board_nxp_lpcxpresso_1549\Debug\liblpc_board_nxp_lpcxpresso_1549.a(board_sysinit.o)
 .debug_macro   0x00006fcc      0x239 C:\Users\danie\Documents\MCUXpressoIDE_11.1.0_3209\workspace\lpc_chip_15xx\Debug\liblpc_chip_15xx.a(chip_15xx.o)
 .debug_macro   0x00007205      0x239 C:\Users\danie\Documents\MCUXpressoIDE_11.1.0_3209\workspace\lpc_chip_15xx\Debug\liblpc_chip_15xx.a(clock_15xx.o)
 .debug_macro   0x0000743e      0x239 C:\Users\danie\Documents\MCUXpressoIDE_11.1.0_3209\workspace\lpc_chip_15xx\Debug\liblpc_chip_15xx.a(gpio_15xx.o)
 .debug_macro   0x00007677      0x239 C:\Users\danie\Documents\MCUXpressoIDE_11.1.0_3209\workspace\lpc_chip_15xx\Debug\liblpc_chip_15xx.a(iocon_15xx.o)
 .debug_macro   0x000078b0      0x245 C:\Users\danie\Documents\MCUXpressoIDE_11.1.0_3209\workspace\lpc_chip_15xx\Debug\liblpc_chip_15xx.a(swm_15xx.o)
 .debug_macro   0x00007af5      0x251 C:\Users\danie\Documents\MCUXpressoIDE_11.1.0_3209\workspace\lpc_chip_15xx\Debug\liblpc_chip_15xx.a(sysctl_15xx.o)
 .debug_macro   0x00007d46      0x239 C:\Users\danie\Documents\MCUXpressoIDE_11.1.0_3209\workspace\lpc_chip_15xx\Debug\liblpc_chip_15xx.a(sysinit_15xx.o)
 .debug_macro   0x00007f7f      0x239 C:\Users\danie\Documents\MCUXpressoIDE_11.1.0_3209\workspace\lpc_chip_15xx\Debug\liblpc_chip_15xx.a(uart_15xx.o)

.debug_line     0x00000000     0x52ec
 .debug_line    0x00000000      0x7c2 ./src/PROJECT.o
 .debug_line    0x000007c2      0x172 ./src/cr_startup_lpc15xx.o
 .debug_line    0x00000934      0x727 ./src/sysinit.o
 .debug_line    0x0000105b      0x85f C:\Users\danie\Documents\MCUXpressoIDE_11.1.0_3209\workspace\lpc_board_nxp_lpcxpresso_1549\Debug\liblpc_board_nxp_lpcxpresso_1549.a(board.o)
 .debug_line    0x000018ba      0x69f C:\Users\danie\Documents\MCUXpressoIDE_11.1.0_3209\workspace\lpc_board_nxp_lpcxpresso_1549\Debug\liblpc_board_nxp_lpcxpresso_1549.a(board_sysinit.o)
 .debug_line    0x00001f59      0x592 C:\Users\danie\Documents\MCUXpressoIDE_11.1.0_3209\workspace\lpc_chip_15xx\Debug\liblpc_chip_15xx.a(chip_15xx.o)
 .debug_line    0x000024eb      0x9b7 C:\Users\danie\Documents\MCUXpressoIDE_11.1.0_3209\workspace\lpc_chip_15xx\Debug\liblpc_chip_15xx.a(clock_15xx.o)
 .debug_line    0x00002ea2      0x608 C:\Users\danie\Documents\MCUXpressoIDE_11.1.0_3209\workspace\lpc_chip_15xx\Debug\liblpc_chip_15xx.a(gpio_15xx.o)
 .debug_line    0x000034aa      0x50f C:\Users\danie\Documents\MCUXpressoIDE_11.1.0_3209\workspace\lpc_chip_15xx\Debug\liblpc_chip_15xx.a(iocon_15xx.o)
 .debug_line    0x000039b9      0x57a C:\Users\danie\Documents\MCUXpressoIDE_11.1.0_3209\workspace\lpc_chip_15xx\Debug\liblpc_chip_15xx.a(swm_15xx.o)
 .debug_line    0x00003f33      0x5cf C:\Users\danie\Documents\MCUXpressoIDE_11.1.0_3209\workspace\lpc_chip_15xx\Debug\liblpc_chip_15xx.a(sysctl_15xx.o)
 .debug_line    0x00004502      0x5f0 C:\Users\danie\Documents\MCUXpressoIDE_11.1.0_3209\workspace\lpc_chip_15xx\Debug\liblpc_chip_15xx.a(sysinit_15xx.o)
 .debug_line    0x00004af2      0x7fa C:\Users\danie\Documents\MCUXpressoIDE_11.1.0_3209\workspace\lpc_chip_15xx\Debug\liblpc_chip_15xx.a(uart_15xx.o)

.debug_str      0x00000000    0x182ef
 .debug_str     0x00000000    0x13b31 ./src/PROJECT.o
                              0x13db7 (size before relaxing)
 .debug_str     0x00013b31      0x21d ./src/cr_startup_lpc15xx.o
                               0x33f8 (size before relaxing)
 .debug_str     0x00013d4e      0x37f ./src/sysinit.o
                              0x129a3 (size before relaxing)
 .debug_str     0x000140cd     0x245c C:\Users\danie\Documents\MCUXpressoIDE_11.1.0_3209\workspace\lpc_board_nxp_lpcxpresso_1549\Debug\liblpc_board_nxp_lpcxpresso_1549.a(board.o)
                              0x108da (size before relaxing)
 .debug_str     0x00016529      0x88e C:\Users\danie\Documents\MCUXpressoIDE_11.1.0_3209\workspace\lpc_board_nxp_lpcxpresso_1549\Debug\liblpc_board_nxp_lpcxpresso_1549.a(board_sysinit.o)
                              0x10ecc (size before relaxing)
 .debug_str     0x00016db7      0x14d C:\Users\danie\Documents\MCUXpressoIDE_11.1.0_3209\workspace\lpc_chip_15xx\Debug\liblpc_chip_15xx.a(chip_15xx.o)
                              0x10579 (size before relaxing)
 .debug_str     0x00016f04      0x89d C:\Users\danie\Documents\MCUXpressoIDE_11.1.0_3209\workspace\lpc_chip_15xx\Debug\liblpc_chip_15xx.a(clock_15xx.o)
                              0x10989 (size before relaxing)
 .debug_str     0x000177a1       0xdf C:\Users\danie\Documents\MCUXpressoIDE_11.1.0_3209\workspace\lpc_chip_15xx\Debug\liblpc_chip_15xx.a(gpio_15xx.o)
                              0x10036 (size before relaxing)
 .debug_str     0x00017880       0x41 C:\Users\danie\Documents\MCUXpressoIDE_11.1.0_3209\workspace\lpc_chip_15xx\Debug\liblpc_chip_15xx.a(iocon_15xx.o)
                               0xfb53 (size before relaxing)
 .debug_str     0x000178c1      0x55d C:\Users\danie\Documents\MCUXpressoIDE_11.1.0_3209\workspace\lpc_chip_15xx\Debug\liblpc_chip_15xx.a(swm_15xx.o)
                              0x1055b (size before relaxing)
 .debug_str     0x00017e1e      0x183 C:\Users\danie\Documents\MCUXpressoIDE_11.1.0_3209\workspace\lpc_chip_15xx\Debug\liblpc_chip_15xx.a(sysctl_15xx.o)
                              0x10040 (size before relaxing)
 .debug_str     0x00017fa1      0x13f C:\Users\danie\Documents\MCUXpressoIDE_11.1.0_3209\workspace\lpc_chip_15xx\Debug\liblpc_chip_15xx.a(sysinit_15xx.o)
                              0x1002f (size before relaxing)
 .debug_str     0x000180e0      0x20f C:\Users\danie\Documents\MCUXpressoIDE_11.1.0_3209\workspace\lpc_chip_15xx\Debug\liblpc_chip_15xx.a(uart_15xx.o)
                              0x10192 (size before relaxing)

.comment        0x00000000       0x76
 .comment       0x00000000       0x76 ./src/PROJECT.o
                                 0x77 (size before relaxing)
 .comment       0x00000076       0x77 ./src/cr_startup_lpc15xx.o
 .comment       0x00000076       0x77 ./src/sysinit.o
 .comment       0x00000076       0x77 C:\Users\danie\Documents\MCUXpressoIDE_11.1.0_3209\workspace\lpc_board_nxp_lpcxpresso_1549\Debug\liblpc_board_nxp_lpcxpresso_1549.a(board.o)
 .comment       0x00000076       0x77 C:\Users\danie\Documents\MCUXpressoIDE_11.1.0_3209\workspace\lpc_board_nxp_lpcxpresso_1549\Debug\liblpc_board_nxp_lpcxpresso_1549.a(board_sysinit.o)
 .comment       0x00000076       0x77 C:\Users\danie\Documents\MCUXpressoIDE_11.1.0_3209\workspace\lpc_chip_15xx\Debug\liblpc_chip_15xx.a(chip_15xx.o)
 .comment       0x00000076       0x77 C:\Users\danie\Documents\MCUXpressoIDE_11.1.0_3209\workspace\lpc_chip_15xx\Debug\liblpc_chip_15xx.a(clock_15xx.o)
 .comment       0x00000076       0x77 C:\Users\danie\Documents\MCUXpressoIDE_11.1.0_3209\workspace\lpc_chip_15xx\Debug\liblpc_chip_15xx.a(gpio_15xx.o)
 .comment       0x00000076       0x77 C:\Users\danie\Documents\MCUXpressoIDE_11.1.0_3209\workspace\lpc_chip_15xx\Debug\liblpc_chip_15xx.a(iocon_15xx.o)
 .comment       0x00000076       0x77 C:\Users\danie\Documents\MCUXpressoIDE_11.1.0_3209\workspace\lpc_chip_15xx\Debug\liblpc_chip_15xx.a(swm_15xx.o)
 .comment       0x00000076       0x77 C:\Users\danie\Documents\MCUXpressoIDE_11.1.0_3209\workspace\lpc_chip_15xx\Debug\liblpc_chip_15xx.a(sysctl_15xx.o)
 .comment       0x00000076       0x77 C:\Users\danie\Documents\MCUXpressoIDE_11.1.0_3209\workspace\lpc_chip_15xx\Debug\liblpc_chip_15xx.a(sysinit_15xx.o)
 .comment       0x00000076       0x77 C:\Users\danie\Documents\MCUXpressoIDE_11.1.0_3209\workspace\lpc_chip_15xx\Debug\liblpc_chip_15xx.a(uart_15xx.o)

.ARM.attributes
                0x00000000       0x2b
 .ARM.attributes
                0x00000000       0x2d ./src/PROJECT.o
 .ARM.attributes
                0x0000002d       0x2d ./src/cr_startup_lpc15xx.o
 .ARM.attributes
                0x0000005a       0x2d ./src/sysinit.o
 .ARM.attributes
                0x00000087       0x2d C:\Users\danie\Documents\MCUXpressoIDE_11.1.0_3209\workspace\lpc_board_nxp_lpcxpresso_1549\Debug\liblpc_board_nxp_lpcxpresso_1549.a(board.o)
 .ARM.attributes
                0x000000b4       0x2d C:\Users\danie\Documents\MCUXpressoIDE_11.1.0_3209\workspace\lpc_board_nxp_lpcxpresso_1549\Debug\liblpc_board_nxp_lpcxpresso_1549.a(board_sysinit.o)
 .ARM.attributes
                0x000000e1       0x2d C:\Users\danie\Documents\MCUXpressoIDE_11.1.0_3209\workspace\lpc_chip_15xx\Debug\liblpc_chip_15xx.a(chip_15xx.o)
 .ARM.attributes
                0x0000010e       0x2d C:\Users\danie\Documents\MCUXpressoIDE_11.1.0_3209\workspace\lpc_chip_15xx\Debug\liblpc_chip_15xx.a(clock_15xx.o)
 .ARM.attributes
                0x0000013b       0x2d C:\Users\danie\Documents\MCUXpressoIDE_11.1.0_3209\workspace\lpc_chip_15xx\Debug\liblpc_chip_15xx.a(gpio_15xx.o)
 .ARM.attributes
                0x00000168       0x2d C:\Users\danie\Documents\MCUXpressoIDE_11.1.0_3209\workspace\lpc_chip_15xx\Debug\liblpc_chip_15xx.a(iocon_15xx.o)
 .ARM.attributes
                0x00000195       0x2d C:\Users\danie\Documents\MCUXpressoIDE_11.1.0_3209\workspace\lpc_chip_15xx\Debug\liblpc_chip_15xx.a(swm_15xx.o)
 .ARM.attributes
                0x000001c2       0x2d C:\Users\danie\Documents\MCUXpressoIDE_11.1.0_3209\workspace\lpc_chip_15xx\Debug\liblpc_chip_15xx.a(sysctl_15xx.o)
 .ARM.attributes
                0x000001ef       0x2d C:\Users\danie\Documents\MCUXpressoIDE_11.1.0_3209\workspace\lpc_chip_15xx\Debug\liblpc_chip_15xx.a(sysinit_15xx.o)
 .ARM.attributes
                0x0000021c       0x2d C:\Users\danie\Documents\MCUXpressoIDE_11.1.0_3209\workspace\lpc_chip_15xx\Debug\liblpc_chip_15xx.a(uart_15xx.o)
 .ARM.attributes
                0x00000249       0x1d c:/nxp/mcuxpressoide_11.1.0_3209/ide/plugins/com.nxp.mcuxpresso.tools.win32_11.1.0.201909161352/tools/bin/../lib/gcc/arm-none-eabi/8.3.1/thumb/v7-m/nofp\libgcc.a(_aeabi_uldivmod.o)
 .ARM.attributes
                0x00000266       0x2d c:/nxp/mcuxpressoide_11.1.0_3209/ide/plugins/com.nxp.mcuxpresso.tools.win32_11.1.0.201909161352/tools/bin/../lib/gcc/arm-none-eabi/8.3.1/thumb/v7-m/nofp\libgcc.a(_udivmoddi4.o)
 .ARM.attributes
                0x00000293       0x1d c:/nxp/mcuxpressoide_11.1.0_3209/ide/plugins/com.nxp.mcuxpresso.tools.win32_11.1.0.201909161352/tools/bin/../lib/gcc/arm-none-eabi/8.3.1/thumb/v7-m/nofp\libgcc.a(_dvmd_tls.o)
 .ARM.attributes
                0x000002b0       0x2d c:/nxp/mcuxpressoide_11.1.0_3209/ide/plugins/com.nxp.mcuxpresso.tools.win32_11.1.0.201909161352/tools/bin/../lib/gcc/arm-none-eabi/8.3.1/../../../../arm-none-eabi/lib/thumb/v7-m/nofp\libc.a(lib_a-init.o)
 .ARM.attributes
                0x000002dd       0x1d c:/nxp/mcuxpressoide_11.1.0_3209/ide/plugins/com.nxp.mcuxpresso.tools.win32_11.1.0.201909161352/tools/bin/../lib/gcc/arm-none-eabi/8.3.1/thumb/v7-m/nofp\crti.o
 .ARM.attributes
                0x000002fa       0x1d c:/nxp/mcuxpressoide_11.1.0_3209/ide/plugins/com.nxp.mcuxpresso.tools.win32_11.1.0.201909161352/tools/bin/../lib/gcc/arm-none-eabi/8.3.1/thumb/v7-m/nofp\crtn.o
 .ARM.attributes
                0x00000317       0x2d c:/nxp/mcuxpressoide_11.1.0_3209/ide/plugins/com.nxp.mcuxpresso.tools.win32_11.1.0.201909161352/tools/bin/../lib/gcc/arm-none-eabi/8.3.1/thumb/v7-m/nofp\crtbegin.o

.debug_frame    0x00000000     0x1524
 .debug_frame   0x00000000       0x2c ./src/PROJECT.o
 .debug_frame   0x0000002c      0x170 ./src/cr_startup_lpc15xx.o
 .debug_frame   0x0000019c       0x2c ./src/sysinit.o
 .debug_frame   0x000001c8      0x360 C:\Users\danie\Documents\MCUXpressoIDE_11.1.0_3209\workspace\lpc_board_nxp_lpcxpresso_1549\Debug\liblpc_board_nxp_lpcxpresso_1549.a(board.o)
 .debug_frame   0x00000528      0x14c C:\Users\danie\Documents\MCUXpressoIDE_11.1.0_3209\workspace\lpc_board_nxp_lpcxpresso_1549\Debug\liblpc_board_nxp_lpcxpresso_1549.a(board_sysinit.o)
 .debug_frame   0x00000674      0x104 C:\Users\danie\Documents\MCUXpressoIDE_11.1.0_3209\workspace\lpc_chip_15xx\Debug\liblpc_chip_15xx.a(chip_15xx.o)
 .debug_frame   0x00000778      0x4b0 C:\Users\danie\Documents\MCUXpressoIDE_11.1.0_3209\workspace\lpc_chip_15xx\Debug\liblpc_chip_15xx.a(clock_15xx.o)
 .debug_frame   0x00000c28      0x1b4 C:\Users\danie\Documents\MCUXpressoIDE_11.1.0_3209\workspace\lpc_chip_15xx\Debug\liblpc_chip_15xx.a(gpio_15xx.o)
 .debug_frame   0x00000ddc       0x5c C:\Users\danie\Documents\MCUXpressoIDE_11.1.0_3209\workspace\lpc_chip_15xx\Debug\liblpc_chip_15xx.a(iocon_15xx.o)
 .debug_frame   0x00000e38       0xd4 C:\Users\danie\Documents\MCUXpressoIDE_11.1.0_3209\workspace\lpc_chip_15xx\Debug\liblpc_chip_15xx.a(swm_15xx.o)
 .debug_frame   0x00000f0c      0x120 C:\Users\danie\Documents\MCUXpressoIDE_11.1.0_3209\workspace\lpc_chip_15xx\Debug\liblpc_chip_15xx.a(sysctl_15xx.o)
 .debug_frame   0x0000102c      0x12c C:\Users\danie\Documents\MCUXpressoIDE_11.1.0_3209\workspace\lpc_chip_15xx\Debug\liblpc_chip_15xx.a(sysinit_15xx.o)
 .debug_frame   0x00001158      0x340 C:\Users\danie\Documents\MCUXpressoIDE_11.1.0_3209\workspace\lpc_chip_15xx\Debug\liblpc_chip_15xx.a(uart_15xx.o)
 .debug_frame   0x00001498       0x2c c:/nxp/mcuxpressoide_11.1.0_3209/ide/plugins/com.nxp.mcuxpresso.tools.win32_11.1.0.201909161352/tools/bin/../lib/gcc/arm-none-eabi/8.3.1/thumb/v7-m/nofp\libgcc.a(_aeabi_uldivmod.o)
 .debug_frame   0x000014c4       0x34 c:/nxp/mcuxpressoide_11.1.0_3209/ide/plugins/com.nxp.mcuxpresso.tools.win32_11.1.0.201909161352/tools/bin/../lib/gcc/arm-none-eabi/8.3.1/thumb/v7-m/nofp\libgcc.a(_udivmoddi4.o)
 .debug_frame   0x000014f8       0x2c c:/nxp/mcuxpressoide_11.1.0_3209/ide/plugins/com.nxp.mcuxpresso.tools.win32_11.1.0.201909161352/tools/bin/../lib/gcc/arm-none-eabi/8.3.1/../../../../arm-none-eabi/lib/thumb/v7-m/nofp\libc.a(lib_a-init.o)

Cross Reference Table

Symbol                                            File
ACMP0_IRQHandler                                  ./src/cr_startup_lpc15xx.o
ACMP1_IRQHandler                                  ./src/cr_startup_lpc15xx.o
ACMP2_IRQHandler                                  ./src/cr_startup_lpc15xx.o
ACMP3_IRQHandler                                  ./src/cr_startup_lpc15xx.o
ADC0A_IRQHandler                                  ./src/cr_startup_lpc15xx.o
ADC0B_IRQHandler                                  ./src/cr_startup_lpc15xx.o
ADC0_OVR_IRQHandler                               ./src/cr_startup_lpc15xx.o
ADC0_THCMP_IRQHandler                             ./src/cr_startup_lpc15xx.o
ADC1A_IRQHandler                                  ./src/cr_startup_lpc15xx.o
ADC1B_IRQHandler                                  ./src/cr_startup_lpc15xx.o
ADC1_OVR_IRQHandler                               ./src/cr_startup_lpc15xx.o
ADC1_THCMP_IRQHandler                             ./src/cr_startup_lpc15xx.o
BOD_IRQHandler                                    ./src/cr_startup_lpc15xx.o
Board_Debug_Init                                  C:\Users\danie\Documents\MCUXpressoIDE_11.1.0_3209\workspace\lpc_board_nxp_lpcxpresso_1549\Debug\liblpc_board_nxp_lpcxpresso_1549.a(board.o)
Board_Init                                        C:\Users\danie\Documents\MCUXpressoIDE_11.1.0_3209\workspace\lpc_board_nxp_lpcxpresso_1549\Debug\liblpc_board_nxp_lpcxpresso_1549.a(board.o)
                                                  ./src/PROJECT.o
Board_Joystick_Init                               C:\Users\danie\Documents\MCUXpressoIDE_11.1.0_3209\workspace\lpc_board_nxp_lpcxpresso_1549\Debug\liblpc_board_nxp_lpcxpresso_1549.a(board.o)
Board_LED_Set                                     C:\Users\danie\Documents\MCUXpressoIDE_11.1.0_3209\workspace\lpc_board_nxp_lpcxpresso_1549\Debug\liblpc_board_nxp_lpcxpresso_1549.a(board.o)
                                                  ./src/PROJECT.o
Board_LED_Test                                    C:\Users\danie\Documents\MCUXpressoIDE_11.1.0_3209\workspace\lpc_board_nxp_lpcxpresso_1549\Debug\liblpc_board_nxp_lpcxpresso_1549.a(board.o)
Board_LED_Toggle                                  C:\Users\danie\Documents\MCUXpressoIDE_11.1.0_3209\workspace\lpc_board_nxp_lpcxpresso_1549\Debug\liblpc_board_nxp_lpcxpresso_1549.a(board.o)
Board_SetupClocking                               C:\Users\danie\Documents\MCUXpressoIDE_11.1.0_3209\workspace\lpc_board_nxp_lpcxpresso_1549\Debug\liblpc_board_nxp_lpcxpresso_1549.a(board_sysinit.o)
Board_SetupMuxing                                 C:\Users\danie\Documents\MCUXpressoIDE_11.1.0_3209\workspace\lpc_board_nxp_lpcxpresso_1549\Debug\liblpc_board_nxp_lpcxpresso_1549.a(board_sysinit.o)
Board_SystemInit                                  C:\Users\danie\Documents\MCUXpressoIDE_11.1.0_3209\workspace\lpc_board_nxp_lpcxpresso_1549\Debug\liblpc_board_nxp_lpcxpresso_1549.a(board_sysinit.o)
                                                  ./src/sysinit.o
Board_UARTGetChar                                 C:\Users\danie\Documents\MCUXpressoIDE_11.1.0_3209\workspace\lpc_board_nxp_lpcxpresso_1549\Debug\liblpc_board_nxp_lpcxpresso_1549.a(board.o)
Board_UARTPutChar                                 C:\Users\danie\Documents\MCUXpressoIDE_11.1.0_3209\workspace\lpc_board_nxp_lpcxpresso_1549\Debug\liblpc_board_nxp_lpcxpresso_1549.a(board.o)
Board_UARTPutSTR                                  C:\Users\danie\Documents\MCUXpressoIDE_11.1.0_3209\workspace\lpc_board_nxp_lpcxpresso_1549\Debug\liblpc_board_nxp_lpcxpresso_1549.a(board.o)
BusFault_Handler                                  ./src/cr_startup_lpc15xx.o
CAN_IRQHandler                                    ./src/cr_startup_lpc15xx.o
CRP_WORD                                          ./src/crp.o
Chip_Clock_DisablePeriphClock                     C:\Users\danie\Documents\MCUXpressoIDE_11.1.0_3209\workspace\lpc_chip_15xx\Debug\liblpc_chip_15xx.a(clock_15xx.o)
                                                  C:\Users\danie\Documents\MCUXpressoIDE_11.1.0_3209\workspace\lpc_chip_15xx\Debug\liblpc_chip_15xx.a(uart_15xx.o)
                                                  C:\Users\danie\Documents\MCUXpressoIDE_11.1.0_3209\workspace\lpc_chip_15xx\Debug\liblpc_chip_15xx.a(gpio_15xx.o)
Chip_Clock_EnablePeriphClock                      C:\Users\danie\Documents\MCUXpressoIDE_11.1.0_3209\workspace\lpc_chip_15xx\Debug\liblpc_chip_15xx.a(clock_15xx.o)
                                                  C:\Users\danie\Documents\MCUXpressoIDE_11.1.0_3209\workspace\lpc_chip_15xx\Debug\liblpc_chip_15xx.a(uart_15xx.o)
                                                  C:\Users\danie\Documents\MCUXpressoIDE_11.1.0_3209\workspace\lpc_chip_15xx\Debug\liblpc_chip_15xx.a(gpio_15xx.o)
                                                  C:\Users\danie\Documents\MCUXpressoIDE_11.1.0_3209\workspace\lpc_chip_15xx\Debug\liblpc_chip_15xx.a(chip_15xx.o)
                                                  C:\Users\danie\Documents\MCUXpressoIDE_11.1.0_3209\workspace\lpc_board_nxp_lpcxpresso_1549\Debug\liblpc_board_nxp_lpcxpresso_1549.a(board_sysinit.o)
Chip_Clock_GetADCASYNCRate                        C:\Users\danie\Documents\MCUXpressoIDE_11.1.0_3209\workspace\lpc_chip_15xx\Debug\liblpc_chip_15xx.a(clock_15xx.o)
Chip_Clock_GetMainClockRate                       C:\Users\danie\Documents\MCUXpressoIDE_11.1.0_3209\workspace\lpc_chip_15xx\Debug\liblpc_chip_15xx.a(clock_15xx.o)
                                                  C:\Users\danie\Documents\MCUXpressoIDE_11.1.0_3209\workspace\lpc_board_nxp_lpcxpresso_1549\Debug\liblpc_board_nxp_lpcxpresso_1549.a(board.o)
Chip_Clock_GetMainClockSource                     C:\Users\danie\Documents\MCUXpressoIDE_11.1.0_3209\workspace\lpc_chip_15xx\Debug\liblpc_chip_15xx.a(clock_15xx.o)
Chip_Clock_GetMain_A_ClockRate                    C:\Users\danie\Documents\MCUXpressoIDE_11.1.0_3209\workspace\lpc_chip_15xx\Debug\liblpc_chip_15xx.a(clock_15xx.o)
Chip_Clock_GetMain_B_ClockRate                    C:\Users\danie\Documents\MCUXpressoIDE_11.1.0_3209\workspace\lpc_chip_15xx\Debug\liblpc_chip_15xx.a(clock_15xx.o)
Chip_Clock_GetSCTPLLInClockRate                   C:\Users\danie\Documents\MCUXpressoIDE_11.1.0_3209\workspace\lpc_chip_15xx\Debug\liblpc_chip_15xx.a(clock_15xx.o)
Chip_Clock_GetSCTPLLOutClockRate                  C:\Users\danie\Documents\MCUXpressoIDE_11.1.0_3209\workspace\lpc_chip_15xx\Debug\liblpc_chip_15xx.a(clock_15xx.o)
Chip_Clock_GetSysTickClockRate                    C:\Users\danie\Documents\MCUXpressoIDE_11.1.0_3209\workspace\lpc_chip_15xx\Debug\liblpc_chip_15xx.a(clock_15xx.o)
Chip_Clock_GetSystemClockRate                     C:\Users\danie\Documents\MCUXpressoIDE_11.1.0_3209\workspace\lpc_chip_15xx\Debug\liblpc_chip_15xx.a(clock_15xx.o)
                                                  C:\Users\danie\Documents\MCUXpressoIDE_11.1.0_3209\workspace\lpc_chip_15xx\Debug\liblpc_chip_15xx.a(chip_15xx.o)
Chip_Clock_GetSystemPLLInClockRate                C:\Users\danie\Documents\MCUXpressoIDE_11.1.0_3209\workspace\lpc_chip_15xx\Debug\liblpc_chip_15xx.a(clock_15xx.o)
Chip_Clock_GetSystemPLLOutClockRate               C:\Users\danie\Documents\MCUXpressoIDE_11.1.0_3209\workspace\lpc_chip_15xx\Debug\liblpc_chip_15xx.a(clock_15xx.o)
Chip_Clock_GetUARTBaseClockRate                   C:\Users\danie\Documents\MCUXpressoIDE_11.1.0_3209\workspace\lpc_chip_15xx\Debug\liblpc_chip_15xx.a(clock_15xx.o)
                                                  C:\Users\danie\Documents\MCUXpressoIDE_11.1.0_3209\workspace\lpc_chip_15xx\Debug\liblpc_chip_15xx.a(uart_15xx.o)
Chip_Clock_GetUSBPLLInClockRate                   C:\Users\danie\Documents\MCUXpressoIDE_11.1.0_3209\workspace\lpc_chip_15xx\Debug\liblpc_chip_15xx.a(clock_15xx.o)
Chip_Clock_GetUSBPLLOutClockRate                  C:\Users\danie\Documents\MCUXpressoIDE_11.1.0_3209\workspace\lpc_chip_15xx\Debug\liblpc_chip_15xx.a(clock_15xx.o)
Chip_Clock_SetCLKOUTSource                        C:\Users\danie\Documents\MCUXpressoIDE_11.1.0_3209\workspace\lpc_chip_15xx\Debug\liblpc_chip_15xx.a(clock_15xx.o)
Chip_Clock_SetMainClockSource                     C:\Users\danie\Documents\MCUXpressoIDE_11.1.0_3209\workspace\lpc_chip_15xx\Debug\liblpc_chip_15xx.a(clock_15xx.o)
                                                  C:\Users\danie\Documents\MCUXpressoIDE_11.1.0_3209\workspace\lpc_chip_15xx\Debug\liblpc_chip_15xx.a(sysinit_15xx.o)
Chip_Clock_SetPLLBypass                           C:\Users\danie\Documents\MCUXpressoIDE_11.1.0_3209\workspace\lpc_chip_15xx\Debug\liblpc_chip_15xx.a(clock_15xx.o)
Chip_Clock_SetUARTBaseClockRate                   C:\Users\danie\Documents\MCUXpressoIDE_11.1.0_3209\workspace\lpc_chip_15xx\Debug\liblpc_chip_15xx.a(clock_15xx.o)
                                                  C:\Users\danie\Documents\MCUXpressoIDE_11.1.0_3209\workspace\lpc_board_nxp_lpcxpresso_1549\Debug\liblpc_board_nxp_lpcxpresso_1549.a(board.o)
Chip_GPIO_DeInit                                  C:\Users\danie\Documents\MCUXpressoIDE_11.1.0_3209\workspace\lpc_chip_15xx\Debug\liblpc_chip_15xx.a(gpio_15xx.o)
Chip_GPIO_Init                                    C:\Users\danie\Documents\MCUXpressoIDE_11.1.0_3209\workspace\lpc_chip_15xx\Debug\liblpc_chip_15xx.a(gpio_15xx.o)
                                                  C:\Users\danie\Documents\MCUXpressoIDE_11.1.0_3209\workspace\lpc_board_nxp_lpcxpresso_1549\Debug\liblpc_board_nxp_lpcxpresso_1549.a(board.o)
Chip_GPIO_SetDir                                  C:\Users\danie\Documents\MCUXpressoIDE_11.1.0_3209\workspace\lpc_chip_15xx\Debug\liblpc_chip_15xx.a(gpio_15xx.o)
Chip_GPIO_SetPinDIR                               C:\Users\danie\Documents\MCUXpressoIDE_11.1.0_3209\workspace\lpc_chip_15xx\Debug\liblpc_chip_15xx.a(gpio_15xx.o)
Chip_GPIO_SetPortDIR                              C:\Users\danie\Documents\MCUXpressoIDE_11.1.0_3209\workspace\lpc_chip_15xx\Debug\liblpc_chip_15xx.a(gpio_15xx.o)
Chip_GPIO_WriteDirBit                             C:\Users\danie\Documents\MCUXpressoIDE_11.1.0_3209\workspace\lpc_chip_15xx\Debug\liblpc_chip_15xx.a(gpio_15xx.o)
Chip_IOCON_SetPinMuxing                           C:\Users\danie\Documents\MCUXpressoIDE_11.1.0_3209\workspace\lpc_chip_15xx\Debug\liblpc_chip_15xx.a(iocon_15xx.o)
                                                  C:\Users\danie\Documents\MCUXpressoIDE_11.1.0_3209\workspace\lpc_board_nxp_lpcxpresso_1549\Debug\liblpc_board_nxp_lpcxpresso_1549.a(board_sysinit.o)
Chip_SWM_DisableFixedPin                          C:\Users\danie\Documents\MCUXpressoIDE_11.1.0_3209\workspace\lpc_chip_15xx\Debug\liblpc_chip_15xx.a(swm_15xx.o)
Chip_SWM_EnableFixedPin                           C:\Users\danie\Documents\MCUXpressoIDE_11.1.0_3209\workspace\lpc_chip_15xx\Debug\liblpc_chip_15xx.a(swm_15xx.o)
Chip_SWM_FixedPinEnable                           C:\Users\danie\Documents\MCUXpressoIDE_11.1.0_3209\workspace\lpc_chip_15xx\Debug\liblpc_chip_15xx.a(swm_15xx.o)
Chip_SWM_IsFixedPinEnabled                        C:\Users\danie\Documents\MCUXpressoIDE_11.1.0_3209\workspace\lpc_chip_15xx\Debug\liblpc_chip_15xx.a(swm_15xx.o)
Chip_SWM_MovablePinAssign                         C:\Users\danie\Documents\MCUXpressoIDE_11.1.0_3209\workspace\lpc_chip_15xx\Debug\liblpc_chip_15xx.a(swm_15xx.o)
                                                  C:\Users\danie\Documents\MCUXpressoIDE_11.1.0_3209\workspace\lpc_board_nxp_lpcxpresso_1549\Debug\liblpc_board_nxp_lpcxpresso_1549.a(board_sysinit.o)
                                                  C:\Users\danie\Documents\MCUXpressoIDE_11.1.0_3209\workspace\lpc_board_nxp_lpcxpresso_1549\Debug\liblpc_board_nxp_lpcxpresso_1549.a(board.o)
Chip_SYSCTL_AssertPeriphReset                     C:\Users\danie\Documents\MCUXpressoIDE_11.1.0_3209\workspace\lpc_chip_15xx\Debug\liblpc_chip_15xx.a(sysctl_15xx.o)
                                                  C:\Users\danie\Documents\MCUXpressoIDE_11.1.0_3209\workspace\lpc_chip_15xx\Debug\liblpc_chip_15xx.a(uart_15xx.o)
                                                  C:\Users\danie\Documents\MCUXpressoIDE_11.1.0_3209\workspace\lpc_chip_15xx\Debug\liblpc_chip_15xx.a(gpio_15xx.o)
                                                  C:\Users\danie\Documents\MCUXpressoIDE_11.1.0_3209\workspace\lpc_chip_15xx\Debug\liblpc_chip_15xx.a(chip_15xx.o)
                                                  C:\Users\danie\Documents\MCUXpressoIDE_11.1.0_3209\workspace\lpc_board_nxp_lpcxpresso_1549\Debug\liblpc_board_nxp_lpcxpresso_1549.a(board_sysinit.o)
Chip_SYSCTL_DeassertPeriphReset                   C:\Users\danie\Documents\MCUXpressoIDE_11.1.0_3209\workspace\lpc_chip_15xx\Debug\liblpc_chip_15xx.a(sysctl_15xx.o)
                                                  C:\Users\danie\Documents\MCUXpressoIDE_11.1.0_3209\workspace\lpc_chip_15xx\Debug\liblpc_chip_15xx.a(uart_15xx.o)
                                                  C:\Users\danie\Documents\MCUXpressoIDE_11.1.0_3209\workspace\lpc_chip_15xx\Debug\liblpc_chip_15xx.a(gpio_15xx.o)
                                                  C:\Users\danie\Documents\MCUXpressoIDE_11.1.0_3209\workspace\lpc_chip_15xx\Debug\liblpc_chip_15xx.a(chip_15xx.o)
                                                  C:\Users\danie\Documents\MCUXpressoIDE_11.1.0_3209\workspace\lpc_board_nxp_lpcxpresso_1549\Debug\liblpc_board_nxp_lpcxpresso_1549.a(board_sysinit.o)
Chip_SYSCTL_GetCompFreqMeas                       C:\Users\danie\Documents\MCUXpressoIDE_11.1.0_3209\workspace\lpc_chip_15xx\Debug\liblpc_chip_15xx.a(sysctl_15xx.o)
Chip_SYSCTL_PowerDown                             C:\Users\danie\Documents\MCUXpressoIDE_11.1.0_3209\workspace\lpc_chip_15xx\Debug\liblpc_chip_15xx.a(sysctl_15xx.o)
                                                  C:\Users\danie\Documents\MCUXpressoIDE_11.1.0_3209\workspace\lpc_chip_15xx\Debug\liblpc_chip_15xx.a(sysinit_15xx.o)
Chip_SYSCTL_PowerUp                               C:\Users\danie\Documents\MCUXpressoIDE_11.1.0_3209\workspace\lpc_chip_15xx\Debug\liblpc_chip_15xx.a(sysctl_15xx.o)
                                                  C:\Users\danie\Documents\MCUXpressoIDE_11.1.0_3209\workspace\lpc_chip_15xx\Debug\liblpc_chip_15xx.a(sysinit_15xx.o)
                                                  C:\Users\danie\Documents\MCUXpressoIDE_11.1.0_3209\workspace\lpc_chip_15xx\Debug\liblpc_chip_15xx.a(chip_15xx.o)
                                                  C:\Users\danie\Documents\MCUXpressoIDE_11.1.0_3209\workspace\lpc_board_nxp_lpcxpresso_1549\Debug\liblpc_board_nxp_lpcxpresso_1549.a(board_sysinit.o)
Chip_SYSCTL_SetWakeup                             C:\Users\danie\Documents\MCUXpressoIDE_11.1.0_3209\workspace\lpc_chip_15xx\Debug\liblpc_chip_15xx.a(sysctl_15xx.o)
Chip_SetupIrcClocking                             C:\Users\danie\Documents\MCUXpressoIDE_11.1.0_3209\workspace\lpc_chip_15xx\Debug\liblpc_chip_15xx.a(sysinit_15xx.o)
Chip_SetupXtalClocking                            C:\Users\danie\Documents\MCUXpressoIDE_11.1.0_3209\workspace\lpc_chip_15xx\Debug\liblpc_chip_15xx.a(sysinit_15xx.o)
                                                  C:\Users\danie\Documents\MCUXpressoIDE_11.1.0_3209\workspace\lpc_board_nxp_lpcxpresso_1549\Debug\liblpc_board_nxp_lpcxpresso_1549.a(board_sysinit.o)
Chip_SystemInit                                   C:\Users\danie\Documents\MCUXpressoIDE_11.1.0_3209\workspace\lpc_chip_15xx\Debug\liblpc_chip_15xx.a(sysinit_15xx.o)
Chip_UART_DeInit                                  C:\Users\danie\Documents\MCUXpressoIDE_11.1.0_3209\workspace\lpc_chip_15xx\Debug\liblpc_chip_15xx.a(uart_15xx.o)
Chip_UART_IRQRBHandler                            C:\Users\danie\Documents\MCUXpressoIDE_11.1.0_3209\workspace\lpc_chip_15xx\Debug\liblpc_chip_15xx.a(uart_15xx.o)
Chip_UART_Init                                    C:\Users\danie\Documents\MCUXpressoIDE_11.1.0_3209\workspace\lpc_chip_15xx\Debug\liblpc_chip_15xx.a(uart_15xx.o)
                                                  C:\Users\danie\Documents\MCUXpressoIDE_11.1.0_3209\workspace\lpc_board_nxp_lpcxpresso_1549\Debug\liblpc_board_nxp_lpcxpresso_1549.a(board.o)
Chip_UART_RXIntHandlerRB                          C:\Users\danie\Documents\MCUXpressoIDE_11.1.0_3209\workspace\lpc_chip_15xx\Debug\liblpc_chip_15xx.a(uart_15xx.o)
Chip_UART_Read                                    C:\Users\danie\Documents\MCUXpressoIDE_11.1.0_3209\workspace\lpc_chip_15xx\Debug\liblpc_chip_15xx.a(uart_15xx.o)
                                                  C:\Users\danie\Documents\MCUXpressoIDE_11.1.0_3209\workspace\lpc_board_nxp_lpcxpresso_1549\Debug\liblpc_board_nxp_lpcxpresso_1549.a(board.o)
Chip_UART_ReadBlocking                            C:\Users\danie\Documents\MCUXpressoIDE_11.1.0_3209\workspace\lpc_chip_15xx\Debug\liblpc_chip_15xx.a(uart_15xx.o)
Chip_UART_ReadRB                                  C:\Users\danie\Documents\MCUXpressoIDE_11.1.0_3209\workspace\lpc_chip_15xx\Debug\liblpc_chip_15xx.a(uart_15xx.o)
Chip_UART_Send                                    C:\Users\danie\Documents\MCUXpressoIDE_11.1.0_3209\workspace\lpc_chip_15xx\Debug\liblpc_chip_15xx.a(uart_15xx.o)
Chip_UART_SendBlocking                            C:\Users\danie\Documents\MCUXpressoIDE_11.1.0_3209\workspace\lpc_chip_15xx\Debug\liblpc_chip_15xx.a(uart_15xx.o)
                                                  C:\Users\danie\Documents\MCUXpressoIDE_11.1.0_3209\workspace\lpc_board_nxp_lpcxpresso_1549\Debug\liblpc_board_nxp_lpcxpresso_1549.a(board.o)
Chip_UART_SendRB                                  C:\Users\danie\Documents\MCUXpressoIDE_11.1.0_3209\workspace\lpc_chip_15xx\Debug\liblpc_chip_15xx.a(uart_15xx.o)
Chip_UART_SetBaud                                 C:\Users\danie\Documents\MCUXpressoIDE_11.1.0_3209\workspace\lpc_chip_15xx\Debug\liblpc_chip_15xx.a(uart_15xx.o)
                                                  C:\Users\danie\Documents\MCUXpressoIDE_11.1.0_3209\workspace\lpc_board_nxp_lpcxpresso_1549\Debug\liblpc_board_nxp_lpcxpresso_1549.a(board.o)
Chip_UART_SetBaudWithRTC32K                       C:\Users\danie\Documents\MCUXpressoIDE_11.1.0_3209\workspace\lpc_chip_15xx\Debug\liblpc_chip_15xx.a(uart_15xx.o)
Chip_UART_TXIntHandlerRB                          C:\Users\danie\Documents\MCUXpressoIDE_11.1.0_3209\workspace\lpc_chip_15xx\Debug\liblpc_chip_15xx.a(uart_15xx.o)
Chip_USB_Init                                     C:\Users\danie\Documents\MCUXpressoIDE_11.1.0_3209\workspace\lpc_chip_15xx\Debug\liblpc_chip_15xx.a(chip_15xx.o)
DAC_IRQHandler                                    ./src/cr_startup_lpc15xx.o
DMA_IRQHandler                                    ./src/cr_startup_lpc15xx.o
DebugMon_Handler                                  ./src/cr_startup_lpc15xx.o
EEPROM_IRQHandler                                 ./src/cr_startup_lpc15xx.o
FMC_IRQHandler                                    ./src/cr_startup_lpc15xx.o
GINT0_IRQHandler                                  ./src/cr_startup_lpc15xx.o
GINT1_IRQHandler                                  ./src/cr_startup_lpc15xx.o
HardFault_Handler                                 ./src/cr_startup_lpc15xx.o
I2C0_IRQHandler                                   ./src/cr_startup_lpc15xx.o
IntDefaultHandler                                 ./src/cr_startup_lpc15xx.o
Joystick_GetStatus                                C:\Users\danie\Documents\MCUXpressoIDE_11.1.0_3209\workspace\lpc_board_nxp_lpcxpresso_1549\Debug\liblpc_board_nxp_lpcxpresso_1549.a(board.o)
MRT_IRQHandler                                    ./src/cr_startup_lpc15xx.o
MemManage_Handler                                 ./src/cr_startup_lpc15xx.o
NMI_Handler                                       ./src/cr_startup_lpc15xx.o
OscRateIn                                         C:\Users\danie\Documents\MCUXpressoIDE_11.1.0_3209\workspace\lpc_board_nxp_lpcxpresso_1549\Debug\liblpc_board_nxp_lpcxpresso_1549.a(board.o)
                                                  C:\Users\danie\Documents\MCUXpressoIDE_11.1.0_3209\workspace\lpc_chip_15xx\Debug\liblpc_chip_15xx.a(clock_15xx.o)
PIN_INT0_IRQHandler                               ./src/cr_startup_lpc15xx.o
PIN_INT1_IRQHandler                               ./src/cr_startup_lpc15xx.o
PIN_INT2_IRQHandler                               ./src/cr_startup_lpc15xx.o
PIN_INT3_IRQHandler                               ./src/cr_startup_lpc15xx.o
PIN_INT4_IRQHandler                               ./src/cr_startup_lpc15xx.o
PIN_INT5_IRQHandler                               ./src/cr_startup_lpc15xx.o
PIN_INT6_IRQHandler                               ./src/cr_startup_lpc15xx.o
PIN_INT7_IRQHandler                               ./src/cr_startup_lpc15xx.o
PendSV_Handler                                    ./src/cr_startup_lpc15xx.o
QEI_IRQHandler                                    ./src/cr_startup_lpc15xx.o
RIT_IRQHandler                                    ./src/cr_startup_lpc15xx.o
RTCOscRateIn                                      C:\Users\danie\Documents\MCUXpressoIDE_11.1.0_3209\workspace\lpc_board_nxp_lpcxpresso_1549\Debug\liblpc_board_nxp_lpcxpresso_1549.a(board.o)
                                                  C:\Users\danie\Documents\MCUXpressoIDE_11.1.0_3209\workspace\lpc_chip_15xx\Debug\liblpc_chip_15xx.a(uart_15xx.o)
                                                  C:\Users\danie\Documents\MCUXpressoIDE_11.1.0_3209\workspace\lpc_chip_15xx\Debug\liblpc_chip_15xx.a(clock_15xx.o)
RTC_ALARM_IRQHandler                              ./src/cr_startup_lpc15xx.o
RTC_WAKE_IRQHandler                               ./src/cr_startup_lpc15xx.o
ResetISR                                          ./src/cr_startup_lpc15xx.o
RingBuffer_Init                                   C:\Users\danie\Documents\MCUXpressoIDE_11.1.0_3209\workspace\lpc_chip_15xx\Debug\liblpc_chip_15xx.a(ring_buffer.o)
RingBuffer_Insert                                 C:\Users\danie\Documents\MCUXpressoIDE_11.1.0_3209\workspace\lpc_chip_15xx\Debug\liblpc_chip_15xx.a(ring_buffer.o)
                                                  C:\Users\danie\Documents\MCUXpressoIDE_11.1.0_3209\workspace\lpc_chip_15xx\Debug\liblpc_chip_15xx.a(uart_15xx.o)
RingBuffer_InsertMult                             C:\Users\danie\Documents\MCUXpressoIDE_11.1.0_3209\workspace\lpc_chip_15xx\Debug\liblpc_chip_15xx.a(ring_buffer.o)
                                                  C:\Users\danie\Documents\MCUXpressoIDE_11.1.0_3209\workspace\lpc_chip_15xx\Debug\liblpc_chip_15xx.a(uart_15xx.o)
RingBuffer_Pop                                    C:\Users\danie\Documents\MCUXpressoIDE_11.1.0_3209\workspace\lpc_chip_15xx\Debug\liblpc_chip_15xx.a(ring_buffer.o)
                                                  C:\Users\danie\Documents\MCUXpressoIDE_11.1.0_3209\workspace\lpc_chip_15xx\Debug\liblpc_chip_15xx.a(uart_15xx.o)
RingBuffer_PopMult                                C:\Users\danie\Documents\MCUXpressoIDE_11.1.0_3209\workspace\lpc_chip_15xx\Debug\liblpc_chip_15xx.a(ring_buffer.o)
                                                  C:\Users\danie\Documents\MCUXpressoIDE_11.1.0_3209\workspace\lpc_chip_15xx\Debug\liblpc_chip_15xx.a(uart_15xx.o)
SCT0_IRQHandler                                   ./src/cr_startup_lpc15xx.o
SCT1_IRQHandler                                   ./src/cr_startup_lpc15xx.o
SCT2_IRQHandler                                   ./src/cr_startup_lpc15xx.o
SCT3_IRQHandler                                   ./src/cr_startup_lpc15xx.o
SPI0_IRQHandler                                   ./src/cr_startup_lpc15xx.o
SPI1_IRQHandler                                   ./src/cr_startup_lpc15xx.o
SVC_Handler                                       ./src/cr_startup_lpc15xx.o
SysTick_Handler                                   ./src/cr_startup_lpc15xx.o
SystemCoreClock                                   C:\Users\danie\Documents\MCUXpressoIDE_11.1.0_3209\workspace\lpc_chip_15xx\Debug\liblpc_chip_15xx.a(chip_15xx.o)
SystemCoreClockUpdate                             C:\Users\danie\Documents\MCUXpressoIDE_11.1.0_3209\workspace\lpc_chip_15xx\Debug\liblpc_chip_15xx.a(chip_15xx.o)
                                                  ./src/PROJECT.o
SystemInit                                        ./src/sysinit.o
                                                  ./src/cr_startup_lpc15xx.o
UART0_IRQHandler                                  ./src/cr_startup_lpc15xx.o
UART1_IRQHandler                                  ./src/cr_startup_lpc15xx.o
UART2_IRQHandler                                  ./src/cr_startup_lpc15xx.o
USBWakeup_IRQHandler                              ./src/cr_startup_lpc15xx.o
USB_FIQHandler                                    ./src/cr_startup_lpc15xx.o
USB_IRQHandler                                    ./src/cr_startup_lpc15xx.o
UsageFault_Handler                                ./src/cr_startup_lpc15xx.o
WDT_IRQHandler                                    ./src/cr_startup_lpc15xx.o
__aeabi_atexit                                    ./src/cr_cpp_config.o
__aeabi_idiv0                                     c:/nxp/mcuxpressoide_11.1.0_3209/ide/plugins/com.nxp.mcuxpresso.tools.win32_11.1.0.201909161352/tools/bin/../lib/gcc/arm-none-eabi/8.3.1/thumb/v7-m/nofp\libgcc.a(_dvmd_tls.o)
__aeabi_ldiv0                                     c:/nxp/mcuxpressoide_11.1.0_3209/ide/plugins/com.nxp.mcuxpresso.tools.win32_11.1.0.201909161352/tools/bin/../lib/gcc/arm-none-eabi/8.3.1/thumb/v7-m/nofp\libgcc.a(_dvmd_tls.o)
                                                  c:/nxp/mcuxpressoide_11.1.0_3209/ide/plugins/com.nxp.mcuxpresso.tools.win32_11.1.0.201909161352/tools/bin/../lib/gcc/arm-none-eabi/8.3.1/thumb/v7-m/nofp\libgcc.a(_aeabi_uldivmod.o)
__aeabi_uldivmod                                  c:/nxp/mcuxpressoide_11.1.0_3209/ide/plugins/com.nxp.mcuxpresso.tools.win32_11.1.0.201909161352/tools/bin/../lib/gcc/arm-none-eabi/8.3.1/thumb/v7-m/nofp\libgcc.a(_aeabi_uldivmod.o)
                                                  C:\Users\danie\Documents\MCUXpressoIDE_11.1.0_3209\workspace\lpc_chip_15xx\Debug\liblpc_chip_15xx.a(clock_15xx.o)
__bss_section_table_end                           ./src/cr_startup_lpc15xx.o
__check_heap_overflow                             c:/nxp/mcuxpressoide_11.1.0_3209/ide/plugins/com.nxp.mcuxpresso.tools.win32_11.1.0.201909161352/tools/bin/../lib/gcc/arm-none-eabi/8.3.1/../../../../arm-none-eabi/lib/thumb/v7-m/nofp\libcr_newlib_nohost.a(_cr_check_heap.o)
                                                  c:/nxp/mcuxpressoide_11.1.0_3209/ide/plugins/com.nxp.mcuxpresso.tools.win32_11.1.0.201909161352/tools/bin/../lib/gcc/arm-none-eabi/8.3.1/../../../../arm-none-eabi/lib/thumb/v7-m/nofp\libcr_newlib_nohost.a(_cr_sbrk.o)
__data_section_table                              ./src/cr_startup_lpc15xx.o
__data_section_table_end                          ./src/cr_startup_lpc15xx.o
__deregister_frame_info                           c:/nxp/mcuxpressoide_11.1.0_3209/ide/plugins/com.nxp.mcuxpresso.tools.win32_11.1.0.201909161352/tools/bin/../lib/gcc/arm-none-eabi/8.3.1/thumb/v7-m/nofp\crtbegin.o
__dso_handle                                      c:/nxp/mcuxpressoide_11.1.0_3209/ide/plugins/com.nxp.mcuxpresso.tools.win32_11.1.0.201909161352/tools/bin/../lib/gcc/arm-none-eabi/8.3.1/thumb/v7-m/nofp\crtbegin.o
__end_of_heap                                     c:/nxp/mcuxpressoide_11.1.0_3209/ide/plugins/com.nxp.mcuxpresso.tools.win32_11.1.0.201909161352/tools/bin/../lib/gcc/arm-none-eabi/8.3.1/../../../../arm-none-eabi/lib/thumb/v7-m/nofp\libcr_newlib_nohost.a(_cr_sbrk.o)
__errno                                           c:/nxp/mcuxpressoide_11.1.0_3209/ide/plugins/com.nxp.mcuxpresso.tools.win32_11.1.0.201909161352/tools/bin/../lib/gcc/arm-none-eabi/8.3.1/../../../../arm-none-eabi/lib/thumb/v7-m/nofp\libc.a(lib_a-errno.o)
                                                  c:/nxp/mcuxpressoide_11.1.0_3209/ide/plugins/com.nxp.mcuxpresso.tools.win32_11.1.0.201909161352/tools/bin/../lib/gcc/arm-none-eabi/8.3.1/../../../../arm-none-eabi/lib/thumb/v7-m/nofp\libcr_newlib_nohost.a(_cr_sbrk.o)
__gnu_cxx::__verbose_terminate_handler()          ./src/cr_cpp_config.o
__init_array_end                                  c:/nxp/mcuxpressoide_11.1.0_3209/ide/plugins/com.nxp.mcuxpresso.tools.win32_11.1.0.201909161352/tools/bin/../lib/gcc/arm-none-eabi/8.3.1/../../../../arm-none-eabi/lib/thumb/v7-m/nofp\libc.a(lib_a-init.o)
__init_array_start                                c:/nxp/mcuxpressoide_11.1.0_3209/ide/plugins/com.nxp.mcuxpresso.tools.win32_11.1.0.201909161352/tools/bin/../lib/gcc/arm-none-eabi/8.3.1/../../../../arm-none-eabi/lib/thumb/v7-m/nofp\libc.a(lib_a-init.o)
__libc_init_array                                 c:/nxp/mcuxpressoide_11.1.0_3209/ide/plugins/com.nxp.mcuxpresso.tools.win32_11.1.0.201909161352/tools/bin/../lib/gcc/arm-none-eabi/8.3.1/../../../../arm-none-eabi/lib/thumb/v7-m/nofp\libc.a(lib_a-init.o)
                                                  ./src/cr_startup_lpc15xx.o
__lock___arc4random_mutex                         c:/nxp/mcuxpressoide_11.1.0_3209/ide/plugins/com.nxp.mcuxpresso.tools.win32_11.1.0.201909161352/tools/bin/../lib/gcc/arm-none-eabi/8.3.1/../../../../arm-none-eabi/lib/thumb/v7-m/nofp\libc.a(lib_a-lock.o)
__lock___at_quick_exit_mutex                      c:/nxp/mcuxpressoide_11.1.0_3209/ide/plugins/com.nxp.mcuxpresso.tools.win32_11.1.0.201909161352/tools/bin/../lib/gcc/arm-none-eabi/8.3.1/../../../../arm-none-eabi/lib/thumb/v7-m/nofp\libc.a(lib_a-lock.o)
__lock___atexit_recursive_mutex                   c:/nxp/mcuxpressoide_11.1.0_3209/ide/plugins/com.nxp.mcuxpresso.tools.win32_11.1.0.201909161352/tools/bin/../lib/gcc/arm-none-eabi/8.3.1/../../../../arm-none-eabi/lib/thumb/v7-m/nofp\libc.a(lib_a-lock.o)
__lock___dd_hash_mutex                            c:/nxp/mcuxpressoide_11.1.0_3209/ide/plugins/com.nxp.mcuxpresso.tools.win32_11.1.0.201909161352/tools/bin/../lib/gcc/arm-none-eabi/8.3.1/../../../../arm-none-eabi/lib/thumb/v7-m/nofp\libc.a(lib_a-lock.o)
__lock___env_recursive_mutex                      c:/nxp/mcuxpressoide_11.1.0_3209/ide/plugins/com.nxp.mcuxpresso.tools.win32_11.1.0.201909161352/tools/bin/../lib/gcc/arm-none-eabi/8.3.1/../../../../arm-none-eabi/lib/thumb/v7-m/nofp\libc.a(lib_a-lock.o)
__lock___malloc_recursive_mutex                   c:/nxp/mcuxpressoide_11.1.0_3209/ide/plugins/com.nxp.mcuxpresso.tools.win32_11.1.0.201909161352/tools/bin/../lib/gcc/arm-none-eabi/8.3.1/../../../../arm-none-eabi/lib/thumb/v7-m/nofp\libc.a(lib_a-lock.o)
                                                  c:/nxp/mcuxpressoide_11.1.0_3209/ide/plugins/com.nxp.mcuxpresso.tools.win32_11.1.0.201909161352/tools/bin/../lib/gcc/arm-none-eabi/8.3.1/../../../../arm-none-eabi/lib/thumb/v7-m/nofp\libc.a(lib_a-mlock.o)
__lock___sfp_recursive_mutex                      c:/nxp/mcuxpressoide_11.1.0_3209/ide/plugins/com.nxp.mcuxpresso.tools.win32_11.1.0.201909161352/tools/bin/../lib/gcc/arm-none-eabi/8.3.1/../../../../arm-none-eabi/lib/thumb/v7-m/nofp\libc.a(lib_a-lock.o)
__lock___sinit_recursive_mutex                    c:/nxp/mcuxpressoide_11.1.0_3209/ide/plugins/com.nxp.mcuxpresso.tools.win32_11.1.0.201909161352/tools/bin/../lib/gcc/arm-none-eabi/8.3.1/../../../../arm-none-eabi/lib/thumb/v7-m/nofp\libc.a(lib_a-lock.o)
__lock___tz_mutex                                 c:/nxp/mcuxpressoide_11.1.0_3209/ide/plugins/com.nxp.mcuxpresso.tools.win32_11.1.0.201909161352/tools/bin/../lib/gcc/arm-none-eabi/8.3.1/../../../../arm-none-eabi/lib/thumb/v7-m/nofp\libc.a(lib_a-lock.o)
__malloc_av_                                      c:/nxp/mcuxpressoide_11.1.0_3209/ide/plugins/com.nxp.mcuxpresso.tools.win32_11.1.0.201909161352/tools/bin/../lib/gcc/arm-none-eabi/8.3.1/../../../../arm-none-eabi/lib/thumb/v7-m/nofp\libc.a(lib_a-mallocr.o)
                                                  c:/nxp/mcuxpressoide_11.1.0_3209/ide/plugins/com.nxp.mcuxpresso.tools.win32_11.1.0.201909161352/tools/bin/../lib/gcc/arm-none-eabi/8.3.1/../../../../arm-none-eabi/lib/thumb/v7-m/nofp\libc.a(lib_a-freer.o)
__malloc_current_mallinfo                         c:/nxp/mcuxpressoide_11.1.0_3209/ide/plugins/com.nxp.mcuxpresso.tools.win32_11.1.0.201909161352/tools/bin/../lib/gcc/arm-none-eabi/8.3.1/../../../../arm-none-eabi/lib/thumb/v7-m/nofp\libc.a(lib_a-mallocr.o)
                                                  c:/nxp/mcuxpressoide_11.1.0_3209/ide/plugins/com.nxp.mcuxpresso.tools.win32_11.1.0.201909161352/tools/bin/../lib/gcc/arm-none-eabi/8.3.1/../../../../arm-none-eabi/lib/thumb/v7-m/nofp\libc.a(lib_a-freer.o)
__malloc_lock                                     c:/nxp/mcuxpressoide_11.1.0_3209/ide/plugins/com.nxp.mcuxpresso.tools.win32_11.1.0.201909161352/tools/bin/../lib/gcc/arm-none-eabi/8.3.1/../../../../arm-none-eabi/lib/thumb/v7-m/nofp\libc.a(lib_a-mlock.o)