PropertyEdit.h:13:2:PropertyEdit::PropertyEdit()	16	static
PropertyEdit.h:14:10:PropertyEdit::~PropertyEdit()	16	static
PropertyEdit.h:14:10:virtual PropertyEdit::~PropertyEdit()	16	static
gthr-default.h:229:1:int __gthread_key_delete(__gthread_key_t)	16	static
IntegerEdit.cpp:11:1:IntegerEdit::IntegerEdit(LiquidCrystal*, std::__cxx11::string, int, int)	24	static
IntegerEdit.cpp:19:1:IntegerEdit::~IntegerEdit()	16	static
IntegerEdit.cpp:19:1:virtual IntegerEdit::~IntegerEdit()	16	static
IntegerEdit.cpp:22:6:virtual void IntegerEdit::increment()	24	static
IntegerEdit.cpp:29:6:virtual void IntegerEdit::decrement()	24	static
IntegerEdit.cpp:36:6:virtual void IntegerEdit::accept()	16	static
IntegerEdit.cpp:40:6:virtual void IntegerEdit::cancel()	16	static
IntegerEdit.cpp:45:6:virtual void IntegerEdit::setFocus(bool)	16	static
IntegerEdit.cpp:49:6:virtual bool IntegerEdit::getFocus()	16	static
IntegerEdit.cpp:53:6:virtual void IntegerEdit::display()	56	static
IntegerEdit.cpp:69:6:void IntegerEdit::save()	16	static
IntegerEdit.cpp:76:7:virtual float IntegerEdit::getValue()	16	static
IntegerEdit.cpp:79:6:void IntegerEdit::setValue(float)	16	static
IntegerEdit.cpp:83:6:virtual bool IntegerEdit::getType()	16	static
